Archive member included to satisfy reference by file (symbol)

C:/ST/STM32CubeIDE_1.16.0/STM32CubeIDE/plugins/com.st.stm32cube.ide.mcu.externaltools.gnu-tools-for-stm32.12.3.rel1.win32_1.1.0.202410251130/tools/bin/../lib/gcc/arm-none-eabi/12.3.1/../../../../arm-none-eabi/lib/thumb/v7-m/nofp\libc_nano.a(libc_a-exit.o)
                              C:/ST/STM32CubeIDE_1.16.0/STM32CubeIDE/plugins/com.st.stm32cube.ide.mcu.externaltools.gnu-tools-for-stm32.12.3.rel1.win32_1.1.0.202410251130/tools/bin/../lib/gcc/arm-none-eabi/12.3.1/../../../../arm-none-eabi/lib/thumb/v7-m/nofp/crt0.o (exit)
C:/ST/STM32CubeIDE_1.16.0/STM32CubeIDE/plugins/com.st.stm32cube.ide.mcu.externaltools.gnu-tools-for-stm32.12.3.rel1.win32_1.1.0.202410251130/tools/bin/../lib/gcc/arm-none-eabi/12.3.1/../../../../arm-none-eabi/lib/thumb/v7-m/nofp\libc_nano.a(libc_a-findfp.o)
                              C:/ST/STM32CubeIDE_1.16.0/STM32CubeIDE/plugins/com.st.stm32cube.ide.mcu.externaltools.gnu-tools-for-stm32.12.3.rel1.win32_1.1.0.202410251130/tools/bin/../lib/gcc/arm-none-eabi/12.3.1/../../../../arm-none-eabi/lib/thumb/v7-m/nofp\libc_nano.a(libc_a-exit.o) (__stdio_exit_handler)
C:/ST/STM32CubeIDE_1.16.0/STM32CubeIDE/plugins/com.st.stm32cube.ide.mcu.externaltools.gnu-tools-for-stm32.12.3.rel1.win32_1.1.0.202410251130/tools/bin/../lib/gcc/arm-none-eabi/12.3.1/../../../../arm-none-eabi/lib/thumb/v7-m/nofp\libc_nano.a(libc_a-fwalk.o)
                              C:/ST/STM32CubeIDE_1.16.0/STM32CubeIDE/plugins/com.st.stm32cube.ide.mcu.externaltools.gnu-tools-for-stm32.12.3.rel1.win32_1.1.0.202410251130/tools/bin/../lib/gcc/arm-none-eabi/12.3.1/../../../../arm-none-eabi/lib/thumb/v7-m/nofp\libc_nano.a(libc_a-findfp.o) (_fwalk_sglue)
C:/ST/STM32CubeIDE_1.16.0/STM32CubeIDE/plugins/com.st.stm32cube.ide.mcu.externaltools.gnu-tools-for-stm32.12.3.rel1.win32_1.1.0.202410251130/tools/bin/../lib/gcc/arm-none-eabi/12.3.1/../../../../arm-none-eabi/lib/thumb/v7-m/nofp\libc_nano.a(libc_a-stdio.o)
                              C:/ST/STM32CubeIDE_1.16.0/STM32CubeIDE/plugins/com.st.stm32cube.ide.mcu.externaltools.gnu-tools-for-stm32.12.3.rel1.win32_1.1.0.202410251130/tools/bin/../lib/gcc/arm-none-eabi/12.3.1/../../../../arm-none-eabi/lib/thumb/v7-m/nofp\libc_nano.a(libc_a-findfp.o) (__sread)
C:/ST/STM32CubeIDE_1.16.0/STM32CubeIDE/plugins/com.st.stm32cube.ide.mcu.externaltools.gnu-tools-for-stm32.12.3.rel1.win32_1.1.0.202410251130/tools/bin/../lib/gcc/arm-none-eabi/12.3.1/../../../../arm-none-eabi/lib/thumb/v7-m/nofp\libc_nano.a(libc_a-memset.o)
                              C:/ST/STM32CubeIDE_1.16.0/STM32CubeIDE/plugins/com.st.stm32cube.ide.mcu.externaltools.gnu-tools-for-stm32.12.3.rel1.win32_1.1.0.202410251130/tools/bin/../lib/gcc/arm-none-eabi/12.3.1/../../../../arm-none-eabi/lib/thumb/v7-m/nofp/crt0.o (memset)
C:/ST/STM32CubeIDE_1.16.0/STM32CubeIDE/plugins/com.st.stm32cube.ide.mcu.externaltools.gnu-tools-for-stm32.12.3.rel1.win32_1.1.0.202410251130/tools/bin/../lib/gcc/arm-none-eabi/12.3.1/../../../../arm-none-eabi/lib/thumb/v7-m/nofp\libc_nano.a(libc_a-closer.o)
                              C:/ST/STM32CubeIDE_1.16.0/STM32CubeIDE/plugins/com.st.stm32cube.ide.mcu.externaltools.gnu-tools-for-stm32.12.3.rel1.win32_1.1.0.202410251130/tools/bin/../lib/gcc/arm-none-eabi/12.3.1/../../../../arm-none-eabi/lib/thumb/v7-m/nofp\libc_nano.a(libc_a-stdio.o) (_close_r)
C:/ST/STM32CubeIDE_1.16.0/STM32CubeIDE/plugins/com.st.stm32cube.ide.mcu.externaltools.gnu-tools-for-stm32.12.3.rel1.win32_1.1.0.202410251130/tools/bin/../lib/gcc/arm-none-eabi/12.3.1/../../../../arm-none-eabi/lib/thumb/v7-m/nofp\libc_nano.a(libc_a-reent.o)
                              C:/ST/STM32CubeIDE_1.16.0/STM32CubeIDE/plugins/com.st.stm32cube.ide.mcu.externaltools.gnu-tools-for-stm32.12.3.rel1.win32_1.1.0.202410251130/tools/bin/../lib/gcc/arm-none-eabi/12.3.1/../../../../arm-none-eabi/lib/thumb/v7-m/nofp\libc_nano.a(libc_a-closer.o) (errno)
C:/ST/STM32CubeIDE_1.16.0/STM32CubeIDE/plugins/com.st.stm32cube.ide.mcu.externaltools.gnu-tools-for-stm32.12.3.rel1.win32_1.1.0.202410251130/tools/bin/../lib/gcc/arm-none-eabi/12.3.1/../../../../arm-none-eabi/lib/thumb/v7-m/nofp\libc_nano.a(libc_a-impure.o)
                              C:/ST/STM32CubeIDE_1.16.0/STM32CubeIDE/plugins/com.st.stm32cube.ide.mcu.externaltools.gnu-tools-for-stm32.12.3.rel1.win32_1.1.0.202410251130/tools/bin/../lib/gcc/arm-none-eabi/12.3.1/../../../../arm-none-eabi/lib/thumb/v7-m/nofp\libc_nano.a(libc_a-reent.o) (_impure_ptr)
C:/ST/STM32CubeIDE_1.16.0/STM32CubeIDE/plugins/com.st.stm32cube.ide.mcu.externaltools.gnu-tools-for-stm32.12.3.rel1.win32_1.1.0.202410251130/tools/bin/../lib/gcc/arm-none-eabi/12.3.1/../../../../arm-none-eabi/lib/thumb/v7-m/nofp\libc_nano.a(libc_a-lseekr.o)
[...]
Memory Configuration

Name             Origin             Length             Attributes
RAM              0x20000000         0x00010000         xrw
FLASH            0x08000000         0x00020000         xr
*default*        0x00000000         0xffffffff

Linker script and memory map

LOAD C:/ST/STM32CubeIDE_1.16.0/STM32CubeIDE/plugins/com.st.stm32cube.ide.mcu.externaltools.gnu-tools-for-stm32.12.3.rel1.win32_1.1.0.202410251130/tools/bin/../lib/gcc/arm-none-eabi/12.3.1/thumb/v7-m/nofp/crti.o
LOAD C:/ST/STM32CubeIDE_1.16.0/STM32CubeIDE/plugins/com.st.stm32cube.ide.mcu.externaltools.gnu-tools-for-stm32.12.3.rel1.win32_1.1.0.202410251130/tools/bin/../lib/gcc/arm-none-eabi/12.3.1/thumb/v7-m/nofp/crtbegin.o
LOAD C:/ST/STM32CubeIDE_1.16.0/STM32CubeIDE/plugins/com.st.stm32cube.ide.mcu.externaltools.gnu-tools-for-stm32.12.3.rel1.win32_1.1.0.202410251130/tools/bin/../lib/gcc/arm-none-eabi/12.3.1/../../../../arm-none-eabi/lib/thumb/v7-m/nofp/crt0.o
LOAD ./Core/Src/6811.o
LOAD ./Core/Src/adc.o
LOAD ./Core/Src/balance.o
LOAD ./Core/Src/can.o
LOAD ./Core/Src/gpio.o
LOAD ./Core/Src/main.o
LOAD ./Core/Src/module.o
LOAD ./Core/Src/print.o
LOAD ./Core/Src/safety.o
LOAD ./Core/Src/spi.o
LOAD ./Core/Src/stm32f1xx_hal_msp.o
LOAD ./Core/Src/stm32f1xx_it.o
LOAD ./Core/Src/syscalls.o
LOAD ./Core/Src/sysmem.o
LOAD ./Core/Src/system_stm32f1xx.o
LOAD ./Core/Src/tim.o
LOAD ./Core/Src/usart.o
LOAD ./Core/Startup/startup_stm32f105rbtx.o
LOAD ./Drivers/STM32F1xx_HAL_Driver/Src/stm32f1xx_hal.o
LOAD ./Drivers/STM32F1xx_HAL_Driver/Src/stm32f1xx_hal_adc.o
LOAD ./Drivers/STM32F1xx_HAL_Driver/Src/stm32f1xx_hal_adc_ex.o
LOAD ./Drivers/STM32F1xx_HAL_Driver/Src/stm32f1xx_hal_can.o
LOAD ./Drivers/STM32F1xx_HAL_Driver/Src/stm32f1xx_hal_cortex.o
LOAD ./Drivers/STM32F1xx_HAL_Driver/Src/stm32f1xx_hal_dma.o
LOAD ./Drivers/STM32F1xx_HAL_Driver/Src/stm32f1xx_hal_exti.o
LOAD ./Drivers/STM32F1xx_HAL_Driver/Src/stm32f1xx_hal_flash.o
LOAD ./Drivers/STM32F1xx_HAL_Driver/Src/stm32f1xx_hal_flash_ex.o
LOAD ./Drivers/STM32F1xx_HAL_Driver/Src/stm32f1xx_hal_gpio.o
LOAD ./Drivers/STM32F1xx_HAL_Driver/Src/stm32f1xx_hal_gpio_ex.o
LOAD ./Drivers/STM32F1xx_HAL_Driver/Src/stm32f1xx_hal_pwr.o
LOAD ./Drivers/STM32F1xx_HAL_Driver/Src/stm32f1xx_hal_rcc.o
LOAD ./Drivers/STM32F1xx_HAL_Driver/Src/stm32f1xx_hal_rcc_ex.o
LOAD ./Drivers/STM32F1xx_HAL_Driver/Src/stm32f1xx_hal_spi.o
LOAD ./Drivers/STM32F1xx_HAL_Driver/Src/stm32f1xx_hal_tim.o
LOAD ./Drivers/STM32F1xx_HAL_Driver/Src/stm32f1xx_hal_tim_ex.o
LOAD ./Drivers/STM32F1xx_HAL_Driver/Src/stm32f1xx_hal_uart.o
START GROUP
LOAD C:/ST/STM32CubeIDE_1.16.0/STM32CubeIDE/plugins/com.st.stm32cube.ide.mcu.externaltools.gnu-tools-for-stm32.12.3.rel1.win32_1.1.0.202410251130/tools/bin/../lib/gcc/arm-none-eabi/12.3.1/../../../../arm-none-eabi/lib/thumb/v7-m/nofp\libc_nano.a
LOAD C:/ST/STM32CubeIDE_1.16.0/STM32CubeIDE/plugins/com.st.stm32cube.ide.mcu.externaltools.gnu-tools-for-stm32.12.3.rel1.win32_1.1.0.202410251130/tools/bin/../lib/gcc/arm-none-eabi/12.3.1/../../../../arm-none-eabi/lib/thumb/v7-m/nofp\libm.a
END GROUP
START GROUP
LOAD C:/ST/STM32CubeIDE_1.16.0/STM32CubeIDE/plugins/com.st.stm32cube.ide.mcu.externaltools.gnu-tools-for-stm32.12.3.rel1.win32_1.1.0.202410251130/tools/bin/../lib/gcc/arm-none-eabi/12.3.1/thumb/v7-m/nofp\libgcc.a
LOAD C:/ST/STM32CubeIDE_1.16.0/STM32CubeIDE/plugins/com.st.stm32cube.ide.mcu.externaltools.gnu-tools-for-stm32.12.3.rel1.win32_1.1.0.202410251130/tools/bin/../lib/gcc/arm-none-eabi/12.3.1/../../../../arm-none-eabi/lib/thumb/v7-m/nofp\libc_nano.a
END GROUP
START GROUP
LOAD C:/ST/STM32CubeIDE_1.16.0/STM32CubeIDE/plugins/com.st.stm32cube.ide.mcu.externaltools.gnu-tools-for-stm32.12.3.rel1.win32_1.1.0.202410251130/tools/bin/../lib/gcc/arm-none-eabi/12.3.1/thumb/v7-m/nofp\libgcc.a
LOAD C:/ST/STM32CubeIDE_1.16.0/STM32CubeIDE/plugins/com.st.stm32cube.ide.mcu.externaltools.gnu-tools-for-stm32.12.3.rel1.win32_1.1.0.202410251130/tools/bin/../lib/gcc/arm-none-eabi/12.3.1/../../../../arm-none-eabi/lib/thumb/v7-m/nofp\libc_nano.a
LOAD C:/ST/STM32CubeIDE_1.16.0/STM32CubeIDE/plugins/com.st.stm32cube.ide.mcu.externaltools.gnu-tools-for-stm32.12.3.rel1.win32_1.1.0.202410251130/tools/bin/../lib/gcc/arm-none-eabi/12.3.1/../../../../arm-none-eabi/lib/thumb/v7-m/nofp\libnosys.a
END GROUP
START GROUP
LOAD C:/ST/STM32CubeIDE_1.16.0/STM32CubeIDE/plugins/com.st.stm32cube.ide.mcu.externaltools.gnu-tools-for-stm32.12.3.rel1.win32_1.1.0.202410251130/tools/bin/../lib/gcc/arm-none-eabi/12.3.1/thumb/v7-m/nofp\libgcc.a
LOAD C:/ST/STM32CubeIDE_1.16.0/STM32CubeIDE/plugins/com.st.stm32cube.ide.mcu.externaltools.gnu-tools-for-stm32.12.3.rel1.win32_1.1.0.202410251130/tools/bin/../lib/gcc/arm-none-eabi/12.3.1/../../../../arm-none-eabi/lib/thumb/v7-m/nofp\libc_nano.a
LOAD C:/ST/STM32CubeIDE_1.16.0/STM32CubeIDE/plugins/com.st.stm32cube.ide.mcu.externaltools.gnu-tools-for-stm32.12.3.rel1.win32_1.1.0.202410251130/tools/bin/../lib/gcc/arm-none-eabi/12.3.1/../../../../arm-none-eabi/lib/thumb/v7-m/nofp\libnosys.a
END GROUP
LOAD C:/ST/STM32CubeIDE_1.16.0/STM32CubeIDE/plugins/com.st.stm32cube.ide.mcu.externaltools.gnu-tools-for-stm32.12.3.rel1.win32_1.1.0.202410251130/tools/bin/../lib/gcc/arm-none-eabi/12.3.1/thumb/v7-m/nofp/crtend.o
LOAD C:/ST/STM32CubeIDE_1.16.0/STM32CubeIDE/plugins/com.st.stm32cube.ide.mcu.externaltools.gnu-tools-for-stm32.12.3.rel1.win32_1.1.0.202410251130/tools/bin/../lib/gcc/arm-none-eabi/12.3.1/thumb/v7-m/nofp/crtn.o
                0x20010000                        _estack = (ORIGIN (RAM) + LENGTH (RAM))
                0x00000200                        _Min_Heap_Size = 0x200
                0x00000400                        _Min_Stack_Size = 0x400

.isr_vector     0x08000000      0x1e4
                0x08000000                        . = ALIGN (0x4)
 *(.isr_vector)
 .isr_vector    0x08000000      0x1e4 ./Core/Startup/startup_stm32f105rbtx.o
                0x08000000                g_pfnVectors
                0x080001e4                        . = ALIGN (0x4)

.text           0x080001e8     0x5aec
                0x080001e8                        . = ALIGN (0x4)
 *(.text)
 .text          0x080001e8       0x40 C:/ST/STM32CubeIDE_1.16.0/STM32CubeIDE/plugins/com.st.stm32cube.ide.mcu.externaltools.gnu-tools-for-stm32.12.3.rel1.win32_1.1.0.202410251130/tools/bin/../lib/gcc/arm-none-eabi/12.3.1/thumb/v7-m/nofp/crtbegin.o
 .text          0x08000228      0x378 C:/ST/STM32CubeIDE_1.16.0/STM32CubeIDE/plugins/com.st.stm32cube.ide.mcu.externaltools.gnu-tools-for-stm32.12.3.rel1.win32_1.1.0.202410251130/tools/bin/../lib/gcc/arm-none-eabi/12.3.1/thumb/v7-m/nofp\libgcc.a(_arm_addsubdf3.o)
                0x08000228                __aeabi_drsub
                0x08000230                __aeabi_dsub
                0x08000230                __subdf3
                0x08000234                __aeabi_dadd
                0x08000234                __adddf3
                0x080004ac                __floatunsidf
                0x080004ac                __aeabi_ui2d
                0x080004cc                __floatsidf
                0x080004cc                __aeabi_i2d
                0x080004f0                __aeabi_f2d
                0x080004f0                __extendsfdf2
                0x08000534                __floatundidf
                0x08000534                __aeabi_ul2d
                0x08000544                __floatdidf
                0x08000544                __aeabi_l2d
 .text          0x080005a0      0x424 C:/ST/STM32CubeIDE_1.16.0/STM32CubeIDE/plugins/com.st.stm32cube.ide.mcu.externaltools.gnu-tools-for-stm32.12.3.rel1.win32_1.1.0.202410251130/tools/bin/../lib/gcc/arm-none-eabi/12.3.1/thumb/v7-m/nofp\libgcc.a(_arm_muldivdf3.o)
                0x080005a0                __aeabi_dmul
                0x080005a0                __muldf3
                0x080007f4                __divdf3
                0x080007f4                __aeabi_ddiv
 .text          0x080009c4      0x110 C:/ST/STM32CubeIDE_1.16.0/STM32CubeIDE/plugins/com.st.stm32cube.ide.mcu.externaltools.gnu-tools-for-stm32.12.3.rel1.win32_1.1.0.202410251130/tools/bin/../lib/gcc/arm-none-eabi/12.3.1/thumb/v7-m/nofp\libgcc.a(_arm_cmpdf2.o)
                0x080009c4                __gtdf2
                0x080009c4                __gedf2
                0x080009cc                __ltdf2
                0x080009cc                __ledf2
                0x080009d4                __nedf2
                0x080009d4                __eqdf2
                0x080009d4                __cmpdf2
                0x08000a50                __aeabi_cdrcmple
                0x08000a60                __aeabi_cdcmpeq
                0x08000a60                __aeabi_cdcmple
                0x08000a70                __aeabi_dcmpeq
                0x08000a84                __aeabi_dcmplt
                0x08000a98                __aeabi_dcmple
                0x08000aac                __aeabi_dcmpge
                0x08000ac0                __aeabi_dcmpgt
 .text          0x08000ad4       0x2c C:/ST/STM32CubeIDE_1.16.0/STM32CubeIDE/plugins/com.st.stm32cube.ide.mcu.externaltools.gnu-tools-for-stm32.12.3.rel1.win32_1.1.0.202410251130/tools/bin/../lib/gcc/arm-none-eabi/12.3.1/thumb/v7-m/nofp\libgcc.a(_arm_unorddf2.o)
                0x08000ad4                __unorddf2
                0x08000ad4                __aeabi_dcmpun
 .text          0x08000b00       0xa0 C:/ST/STM32CubeIDE_1.16.0/STM32CubeIDE/plugins/com.st.stm32cube.ide.mcu.externaltools.gnu-tools-for-stm32.12.3.rel1.win32_1.1.0.202410251130/tools/bin/../lib/gcc/arm-none-eabi/12.3.1/thumb/v7-m/nofp\libgcc.a(_arm_truncdfsf2.o)
                0x08000b00                __truncdfsf2
                0x08000b00                __aeabi_d2f
 .text          0x08000ba0      0x21c C:/ST/STM32CubeIDE_1.16.0/STM32CubeIDE/plugins/com.st.stm32cube.ide.mcu.externaltools.gnu-tools-for-stm32.12.3.rel1.win32_1.1.0.202410251130/tools/bin/../lib/gcc/arm-none-eabi/12.3.1/thumb/v7-m/nofp\libgcc.a(_arm_addsubsf3.o)
                0x08000ba0                __aeabi_frsub
                0x08000ba8                __subsf3
                0x08000ba8                __aeabi_fsub
                0x08000bac                __aeabi_fadd
                0x08000bac                __addsf3
                0x08000d0c                __aeabi_ui2f
                0x08000d0c                __floatunsisf
                0x08000d14                __aeabi_i2f
                0x08000d14                __floatsisf
                0x08000d30                __aeabi_ul2f
                0x08000d30                __floatundisf
                0x08000d40                __aeabi_l2f
                0x08000d40                __floatdisf
 .text          0x08000dbc      0x2a0 C:/ST/STM32CubeIDE_1.16.0/STM32CubeIDE/plugins/com.st.stm32cube.ide.mcu.externaltools.gnu-tools-for-stm32.12.3.rel1.win32_1.1.0.202410251130/tools/bin/../lib/gcc/arm-none-eabi/12.3.1/thumb/v7-m/nofp\libgcc.a(_arm_muldivsf3.o)
                0x08000dbc                __mulsf3
                0x08000dbc                __aeabi_fmul
                0x08000f24                __aeabi_fdiv
                0x08000f24                __divsf3
 .text          0x0800105c       0x40 C:/ST/STM32CubeIDE_1.16.0/STM32CubeIDE/plugins/com.st.stm32cube.ide.mcu.externaltools.gnu-tools-for-stm32.12.3.rel1.win32_1.1.0.202410251130/tools/bin/../lib/gcc/arm-none-eabi/12.3.1/thumb/v7-m/nofp\libgcc.a(_arm_fixunssfsi.o)
                0x0800105c                __fixunssfsi
                0x0800105c                __aeabi_f2uiz
 .text          0x0800109c       0x30 C:/ST/STM32CubeIDE_1.16.0/STM32CubeIDE/plugins/com.st.stm32cube.ide.mcu.externaltools.gnu-tools-for-stm32.12.3.rel1.win32_1.1.0.202410251130/tools/bin/../lib/gcc/arm-none-eabi/12.3.1/thumb/v7-m/nofp\libgcc.a(_aeabi_uldivmod.o)
                0x0800109c                __aeabi_uldivmod
 .text          0x080010cc      0x2b8 C:/ST/STM32CubeIDE_1.16.0/STM32CubeIDE/plugins/com.st.stm32cube.ide.mcu.externaltools.gnu-tools-for-stm32.12.3.rel1.win32_1.1.0.202410251130/tools/bin/../lib/gcc/arm-none-eabi/12.3.1/thumb/v7-m/nofp\libgcc.a(_udivmoddi4.o)
                0x080010cc                __udivmoddi4
 .text          0x08001384        0x4 C:/ST/STM32CubeIDE_1.16.0/STM32CubeIDE/plugins/com.st.stm32cube.ide.mcu.externaltools.gnu-tools-for-stm32.12.3.rel1.win32_1.1.0.202410251130/tools/bin/../lib/gcc/arm-none-eabi/12.3.1/thumb/v7-m/nofp\libgcc.a(_dvmd_tls.o)
                0x08001384                __aeabi_idiv0
                0x08001384                __aeabi_ldiv0
 *(.text*)
 .text.Wakeup_Idle
                0x08001388       0x40 ./Core/Src/6811.o
                0x08001388                Wakeup_Idle
 .text.Wakeup_Sleep
                0x080013c8       0x36 ./Core/Src/6811.o
                0x080013c8                Wakeup_Sleep
 *fill*         0x080013fe        0x2 
 .text.Read_Cell_Volt
                0x08001400      0x170 ./Core/Src/6811.o
                0x08001400                Read_Cell_Volt
 .text.LTC_WRCOMM
                0x08001570       0xdc ./Core/Src/6811.o
                0x08001570                LTC_WRCOMM
 .text.LTC_STCOMM
                0x0800164c       0x80 ./Core/Src/6811.o
                0x0800164c                LTC_STCOMM
 .text.Read_Cell_Temps
                0x080016cc      0x170 ./Core/Src/6811.o
                0x080016cc                Read_Cell_Temps
 .text.LTC_ADCV
                0x0800183c       0x8c ./Core/Src/6811.o
                0x0800183c                LTC_ADCV
 .text.LTC_ADAX
                0x080018c8       0x80 ./Core/Src/6811.o
                0x080018c8                LTC_ADAX
 .text.LTC_POLLADC
                0x08001948       0x8c ./Core/Src/6811.o
                0x08001948                LTC_POLLADC
 .text.LTC_Pec15_Calc
                0x080019d4       0x64 ./Core/Src/6811.o
                0x080019d4                LTC_Pec15_Calc
 .text.MX_ADC1_Init
                0x08001a38       0x7c ./Core/Src/adc.o
                0x08001a38                MX_ADC1_Init
 .text.MX_ADC2_Init
                0x08001ab4       0x7c ./Core/Src/adc.o
                0x08001ab4                MX_ADC2_Init
 .text.HAL_ADC_MspInit
                0x08001b30       0xcc ./Core/Src/adc.o
                0x08001b30                HAL_ADC_MspInit
 .text.MX_CAN1_Init
                0x08001bfc       0x6c ./Core/Src/can.o
                0x08001bfc                MX_CAN1_Init
 .text.HAL_CAN_MspInit
                0x08001c68       0xc0 ./Core/Src/can.o
                0x08001c68                HAL_CAN_MspInit
 .text.CAN_Start
                0x08001d28       0x14 ./Core/Src/can.o
                0x08001d28                CAN_Start
 .text.CAN_Activate
                0x08001d3c       0x18 ./Core/Src/can.o
                0x08001d3c                CAN_Activate
 .text.CAN_Send
                0x08001d54       0x28 ./Core/Src/can.o
                0x08001d54                CAN_Send
 .text.CAN_SettingsInit
                0x08001d7c       0x30 ./Core/Src/can.o
                0x08001d7c                CAN_SettingsInit
 .text.Set_CAN_Id
                0x08001dac       0x1a ./Core/Src/can.o
                0x08001dac                Set_CAN_Id
 .text.CAN_Send_Voltage
                0x08001dc6      0x11a ./Core/Src/can.o
                0x08001dc6                CAN_Send_Voltage
 .text.CAN_Send_Temperature
                0x08001ee0      0x11e ./Core/Src/can.o
                0x08001ee0                CAN_Send_Temperature
 .text.CAN_Send_Cell_Summary
                0x08001ffe       0xa6 ./Core/Src/can.o
                0x08001ffe                CAN_Send_Cell_Summary
 .text.CAN_Send_Safety_Checker
                0x080020a4       0x86 ./Core/Src/can.o
                0x080020a4                CAN_Send_Safety_Checker
 *fill*         0x0800212a        0x2 
 .text.MX_GPIO_Init
                0x0800212c      0x118 ./Core/Src/gpio.o
                0x0800212c                MX_GPIO_Init
 .text.main     0x08002244      0x234 ./Core/Src/main.o
                0x08002244                main
 .text.SystemClock_Config
                0x08002478       0xd4 ./Core/Src/main.o
                0x08002478                SystemClock_Config
 .text.GpioTimePacket_Init
                0x0800254c       0x3a ./Core/Src/main.o
                0x0800254c                GpioTimePacket_Init
 .text.GpioFixedToggle
                0x08002586       0x46 ./Core/Src/main.o
                0x08002586                GpioFixedToggle
 .text.TimerPacket_Init
                0x080025cc       0x26 ./Core/Src/main.o
                0x080025cc                TimerPacket_Init
 .text.TimerPacket_FixedPulse
                0x080025f2       0x3a ./Core/Src/main.o
                0x080025f2                TimerPacket_FixedPulse
 .text.Error_Handler
                0x0800262c        0xc ./Core/Src/main.o
                0x0800262c                Error_Handler
 .text.Get_Actual_Temps
                0x08002638      0x128 ./Core/Src/module.o
                0x08002638                Get_Actual_Temps
 .text.Read_Volt
                0x08002760       0x28 ./Core/Src/module.o
                0x08002760                Read_Volt
 .text.Read_Temp
                0x08002788       0x8c ./Core/Src/module.o
                0x08002788                Read_Temp
 .text.Cell_Summary_Voltage
                0x08002814      0x1f8 ./Core/Src/safety.o
                0x08002814                Cell_Summary_Voltage
 .text.MX_SPI1_Init
                0x08002a0c       0x6c ./Core/Src/spi.o
                0x08002a0c                MX_SPI1_Init
 .text.HAL_SPI_MspInit
                0x08002a78       0x94 ./Core/Src/spi.o
                0x08002a78                HAL_SPI_MspInit
 .text.LTC_nCS_High
                0x08002b0c       0x18 ./Core/Src/spi.o
                0x08002b0c                LTC_nCS_High
 .text.LTC_nCS_Low
                0x08002b24       0x18 ./Core/Src/spi.o
                0x08002b24                LTC_nCS_Low
 .text.HAL_MspInit
                0x08002b3c       0x64 ./Core/Src/stm32f1xx_hal_msp.o
                0x08002b3c                HAL_MspInit
 .text.NMI_Handler
                0x08002ba0        0x8 ./Core/Src/stm32f1xx_it.o
                0x08002ba0                NMI_Handler
 .text.HardFault_Handler
                0x08002ba8        0x8 ./Core/Src/stm32f1xx_it.o
                0x08002ba8                HardFault_Handler
 .text.MemManage_Handler
                0x08002bb0        0x8 ./Core/Src/stm32f1xx_it.o
                0x08002bb0                MemManage_Handler
 .text.BusFault_Handler
                0x08002bb8        0x8 ./Core/Src/stm32f1xx_it.o
                0x08002bb8                BusFault_Handler
 .text.UsageFault_Handler
                0x08002bc0        0x8 ./Core/Src/stm32f1xx_it.o
                0x08002bc0                UsageFault_Handler
 .text.SVC_Handler
                0x08002bc8        0xc ./Core/Src/stm32f1xx_it.o
                0x08002bc8                SVC_Handler
 .text.DebugMon_Handler
                0x08002bd4        0xc ./Core/Src/stm32f1xx_it.o
                0x08002bd4                DebugMon_Handler
 .text.PendSV_Handler
                0x08002be0        0xc ./Core/Src/stm32f1xx_it.o
                0x08002be0                PendSV_Handler
 .text.SysTick_Handler
                0x08002bec        0xc ./Core/Src/stm32f1xx_it.o
                0x08002bec                SysTick_Handler
 .text.SystemInit
                0x08002bf8        0xc ./Core/Src/system_stm32f1xx.o
                0x08002bf8                SystemInit
 .text.MX_TIM7_Init
                0x08002c04       0x6c ./Core/Src/tim.o
                0x08002c04                MX_TIM7_Init
 .text.HAL_TIM_Base_MspInit
                0x08002c70       0x3c ./Core/Src/tim.o
                0x08002c70                HAL_TIM_Base_MspInit
 .text.MX_USART1_UART_Init
                0x08002cac       0x54 ./Core/Src/usart.o
                0x08002cac                MX_USART1_UART_Init
 .text.HAL_UART_MspInit
                0x08002d00       0x98 ./Core/Src/usart.o
                0x08002d00                HAL_UART_MspInit
 .text.Reset_Handler
                0x08002d98       0x48 ./Core/Startup/startup_stm32f105rbtx.o
                0x08002d98                Reset_Handler
 .text.Default_Handler
                0x08002de0        0x2 ./Core/Startup/startup_stm32f105rbtx.o
                0x08002de0                RTC_Alarm_IRQHandler
                0x08002de0                EXTI2_IRQHandler
                0x08002de0                TIM1_CC_IRQHandler
                0x08002de0                TIM6_IRQHandler
                0x08002de0                PVD_IRQHandler
                0x08002de0                CAN2_RX1_IRQHandler
                0x08002de0                EXTI3_IRQHandler
                0x08002de0                EXTI0_IRQHandler
                0x08002de0                I2C2_EV_IRQHandler
                0x08002de0                CAN1_RX0_IRQHandler
                0x08002de0                CAN2_SCE_IRQHandler
                0x08002de0                ADC1_2_IRQHandler
                0x08002de0                SPI1_IRQHandler
                0x08002de0                TAMPER_IRQHandler
                0x08002de0                CAN2_RX0_IRQHandler
                0x08002de0                DMA2_Channel2_IRQHandler
                0x08002de0                DMA1_Channel4_IRQHandler
                0x08002de0                USART3_IRQHandler
                0x08002de0                RTC_IRQHandler
                0x08002de0                DMA1_Channel7_IRQHandler
                0x08002de0                CAN1_RX1_IRQHandler
                0x08002de0                UART5_IRQHandler
                0x08002de0                TIM4_IRQHandler
                0x08002de0                DMA2_Channel1_IRQHandler
                0x08002de0                I2C1_EV_IRQHandler
                0x08002de0                DMA1_Channel6_IRQHandler
                0x08002de0                UART4_IRQHandler
                0x08002de0                DMA2_Channel4_IRQHandler
                0x08002de0                TIM3_IRQHandler
                0x08002de0                RCC_IRQHandler
                0x08002de0                TIM1_TRG_COM_IRQHandler
                0x08002de0                DMA1_Channel1_IRQHandler
                0x08002de0                Default_Handler
                0x08002de0                EXTI15_10_IRQHandler
                0x08002de0                TIM7_IRQHandler
                0x08002de0                CAN2_TX_IRQHandler
                0x08002de0                TIM5_IRQHandler
                0x08002de0                EXTI9_5_IRQHandler
                0x08002de0                SPI2_IRQHandler
                0x08002de0                CAN1_TX_IRQHandler
                0x08002de0                DMA2_Channel5_IRQHandler
                0x08002de0                DMA1_Channel5_IRQHandler
                0x08002de0                EXTI4_IRQHandler
                0x08002de0                DMA1_Channel3_IRQHandler
                0x08002de0                TIM1_UP_IRQHandler
                0x08002de0                WWDG_IRQHandler
                0x08002de0                TIM2_IRQHandler
                0x08002de0                OTG_FS_WKUP_IRQHandler
                0x08002de0                TIM1_BRK_IRQHandler
                0x08002de0                EXTI1_IRQHandler
                0x08002de0                USART2_IRQHandler
                0x08002de0                I2C2_ER_IRQHandler
                0x08002de0                DMA1_Channel2_IRQHandler
                0x08002de0                CAN1_SCE_IRQHandler
                0x08002de0                FLASH_IRQHandler
                0x08002de0                USART1_IRQHandler
                0x08002de0                OTG_FS_IRQHandler
                0x08002de0                SPI3_IRQHandler
                0x08002de0                I2C1_ER_IRQHandler
                0x08002de0                DMA2_Channel3_IRQHandler
 *fill*         0x08002de2        0x2 
 .text.HAL_Init
                0x08002de4       0x2c ./Drivers/STM32F1xx_HAL_Driver/Src/stm32f1xx_hal.o
                0x08002de4                HAL_Init
 .text.HAL_InitTick
                0x08002e10       0x60 ./Drivers/STM32F1xx_HAL_Driver/Src/stm32f1xx_hal.o
                0x08002e10                HAL_InitTick
 .text.HAL_IncTick
                0x08002e70       0x24 ./Drivers/STM32F1xx_HAL_Driver/Src/stm32f1xx_hal.o
                0x08002e70                HAL_IncTick
 .text.HAL_GetTick
                0x08002e94       0x14 ./Drivers/STM32F1xx_HAL_Driver/Src/stm32f1xx_hal.o
                0x08002e94                HAL_GetTick
 .text.HAL_Delay
                0x08002ea8       0x48 ./Drivers/STM32F1xx_HAL_Driver/Src/stm32f1xx_hal.o
                0x08002ea8                HAL_Delay
 .text.HAL_ADC_Init
                0x08002ef0      0x1b0 ./Drivers/STM32F1xx_HAL_Driver/Src/stm32f1xx_hal_adc.o
                0x08002ef0                HAL_ADC_Init
 .text.HAL_ADC_ConfigChannel
                0x080030a0      0x1f0 ./Drivers/STM32F1xx_HAL_Driver/Src/stm32f1xx_hal_adc.o
                0x080030a0                HAL_ADC_ConfigChannel
 .text.ADC_ConversionStop_Disable
                0x08003290       0x82 ./Drivers/STM32F1xx_HAL_Driver/Src/stm32f1xx_hal_adc.o
                0x08003290                ADC_ConversionStop_Disable
 .text.HAL_CAN_Init
                0x08003312      0x1f6 ./Drivers/STM32F1xx_HAL_Driver/Src/stm32f1xx_hal_can.o
                0x08003312                HAL_CAN_Init
 .text.HAL_CAN_Start
                0x08003508       0x88 ./Drivers/STM32F1xx_HAL_Driver/Src/stm32f1xx_hal_can.o
                0x08003508                HAL_CAN_Start
 .text.HAL_CAN_AddTxMessage
                0x08003590      0x19e ./Drivers/STM32F1xx_HAL_Driver/Src/stm32f1xx_hal_can.o
                0x08003590                HAL_CAN_AddTxMessage
 .text.HAL_CAN_ActivateNotification
                0x0800372e       0x4a ./Drivers/STM32F1xx_HAL_Driver/Src/stm32f1xx_hal_can.o
                0x0800372e                HAL_CAN_ActivateNotification
 .text.__NVIC_SetPriorityGrouping
                0x08003778       0x48 ./Drivers/STM32F1xx_HAL_Driver/Src/stm32f1xx_hal_cortex.o
 .text.__NVIC_GetPriorityGrouping
                0x080037c0       0x1c ./Drivers/STM32F1xx_HAL_Driver/Src/stm32f1xx_hal_cortex.o
 .text.__NVIC_SetPriority
                0x080037dc       0x54 ./Drivers/STM32F1xx_HAL_Driver/Src/stm32f1xx_hal_cortex.o
 .text.NVIC_EncodePriority
                0x08003830       0x64 ./Drivers/STM32F1xx_HAL_Driver/Src/stm32f1xx_hal_cortex.o
 .text.SysTick_Config
                0x08003894       0x44 ./Drivers/STM32F1xx_HAL_Driver/Src/stm32f1xx_hal_cortex.o
 .text.HAL_NVIC_SetPriorityGrouping
                0x080038d8       0x16 ./Drivers/STM32F1xx_HAL_Driver/Src/stm32f1xx_hal_cortex.o
                0x080038d8                HAL_NVIC_SetPriorityGrouping
 .text.HAL_NVIC_SetPriority
                0x080038ee       0x38 ./Drivers/STM32F1xx_HAL_Driver/Src/stm32f1xx_hal_cortex.o
                0x080038ee                HAL_NVIC_SetPriority
 .text.HAL_SYSTICK_Config
                0x08003926       0x18 ./Drivers/STM32F1xx_HAL_Driver/Src/stm32f1xx_hal_cortex.o
                0x08003926                HAL_SYSTICK_Config
 *fill*         0x0800393e        0x2 
 .text.HAL_GPIO_Init
                0x08003940      0x308 ./Drivers/STM32F1xx_HAL_Driver/Src/stm32f1xx_hal_gpio.o
                0x08003940                HAL_GPIO_Init
 .text.HAL_GPIO_WritePin
                0x08003c48       0x30 ./Drivers/STM32F1xx_HAL_Driver/Src/stm32f1xx_hal_gpio.o
                0x08003c48                HAL_GPIO_WritePin
 .text.HAL_GPIO_TogglePin
                0x08003c78       0x32 ./Drivers/STM32F1xx_HAL_Driver/Src/stm32f1xx_hal_gpio.o
                0x08003c78                HAL_GPIO_TogglePin
 *fill*         0x08003caa        0x2 
 .text.HAL_RCC_OscConfig
                0x08003cac      0x62c ./Drivers/STM32F1xx_HAL_Driver/Src/stm32f1xx_hal_rcc.o
                0x08003cac                HAL_RCC_OscConfig
 .text.HAL_RCC_ClockConfig
                0x080042d8      0x1d4 ./Drivers/STM32F1xx_HAL_Driver/Src/stm32f1xx_hal_rcc.o
                0x080042d8                HAL_RCC_ClockConfig
 .text.HAL_RCC_GetSysClockFreq
                0x080044ac      0x178 ./Drivers/STM32F1xx_HAL_Driver/Src/stm32f1xx_hal_rcc.o
                0x080044ac                HAL_RCC_GetSysClockFreq
 .text.HAL_RCC_GetHCLKFreq
                0x08004624       0x14 ./Drivers/STM32F1xx_HAL_Driver/Src/stm32f1xx_hal_rcc.o
                0x08004624                HAL_RCC_GetHCLKFreq
 .text.HAL_RCC_GetPCLK1Freq
                0x08004638       0x28 ./Drivers/STM32F1xx_HAL_Driver/Src/stm32f1xx_hal_rcc.o
                0x08004638                HAL_RCC_GetPCLK1Freq
 .text.HAL_RCC_GetPCLK2Freq
                0x08004660       0x28 ./Drivers/STM32F1xx_HAL_Driver/Src/stm32f1xx_hal_rcc.o
                0x08004660                HAL_RCC_GetPCLK2Freq
 .text.RCC_Delay
                0x08004688       0x3c ./Drivers/STM32F1xx_HAL_Driver/Src/stm32f1xx_hal_rcc.o
 .text.HAL_RCCEx_PeriphCLKConfig
                0x080046c4      0x264 ./Drivers/STM32F1xx_HAL_Driver/Src/stm32f1xx_hal_rcc_ex.o
                0x080046c4                HAL_RCCEx_PeriphCLKConfig
 .text.HAL_SPI_Init
                0x08004928      0x108 ./Drivers/STM32F1xx_HAL_Driver/Src/stm32f1xx_hal_spi.o
                0x08004928                HAL_SPI_Init
 .text.HAL_SPI_Transmit
                0x08004a30      0x288 ./Drivers/STM32F1xx_HAL_Driver/Src/stm32f1xx_hal_spi.o
                0x08004a30                HAL_SPI_Transmit
 .text.HAL_SPI_Receive
                0x08004cb8      0x232 ./Drivers/STM32F1xx_HAL_Driver/Src/stm32f1xx_hal_spi.o
                0x08004cb8                HAL_SPI_Receive
 .text.HAL_SPI_TransmitReceive
                0x08004eea      0x352 ./Drivers/STM32F1xx_HAL_Driver/Src/stm32f1xx_hal_spi.o
                0x08004eea                HAL_SPI_TransmitReceive
 .text.SPI_WaitFlagStateUntilTimeout
                0x0800523c      0x110 ./Drivers/STM32F1xx_HAL_Driver/Src/stm32f1xx_hal_spi.o
 .text.SPI_EndRxTransaction
                0x0800534c       0xa4 ./Drivers/STM32F1xx_HAL_Driver/Src/stm32f1xx_hal_spi.o
 .text.SPI_EndRxTxTransaction
                0x080053f0       0x62 ./Drivers/STM32F1xx_HAL_Driver/Src/stm32f1xx_hal_spi.o
 .text.HAL_TIM_Base_Init
                0x08005452       0x9e ./Drivers/STM32F1xx_HAL_Driver/Src/stm32f1xx_hal_tim.o
                0x08005452                HAL_TIM_Base_Init
 .text.TIM_Base_SetConfig
                0x080054f0       0xf0 ./Drivers/STM32F1xx_HAL_Driver/Src/stm32f1xx_hal_tim.o
                0x080054f0                TIM_Base_SetConfig
 .text.HAL_TIMEx_MasterConfigSynchronization
                0x080055e0       0xcc ./Drivers/STM32F1xx_HAL_Driver/Src/stm32f1xx_hal_tim_ex.o
                0x080055e0                HAL_TIMEx_MasterConfigSynchronization
 .text.HAL_UART_Init
                0x080056ac       0xa0 ./Drivers/STM32F1xx_HAL_Driver/Src/stm32f1xx_hal_uart.o
                0x080056ac                HAL_UART_Init
 .text.UART_SetConfig
                0x0800574c      0x11c ./Drivers/STM32F1xx_HAL_Driver/Src/stm32f1xx_hal_uart.o
 .text.memset   0x08005868       0x10 C:/ST/STM32CubeIDE_1.16.0/STM32CubeIDE/plugins/com.st.stm32cube.ide.mcu.externaltools.gnu-tools-for-stm32.12.3.rel1.win32_1.1.0.202410251130/tools/bin/../lib/gcc/arm-none-eabi/12.3.1/../../../../arm-none-eabi/lib/thumb/v7-m/nofp\libc_nano.a(libc_a-memset.o)
                0x08005868                memset
 .text.__errno  0x08005878        0xc C:/ST/STM32CubeIDE_1.16.0/STM32CubeIDE/plugins/com.st.stm32cube.ide.mcu.externaltools.gnu-tools-for-stm32.12.3.rel1.win32_1.1.0.202410251130/tools/bin/../lib/gcc/arm-none-eabi/12.3.1/../../../../arm-none-eabi/lib/thumb/v7-m/nofp\libc_nano.a(libc_a-errno.o)
                0x08005878                __errno
 .text.__libc_init_array
                0x08005884       0x48 C:/ST/STM32CubeIDE_1.16.0/STM32CubeIDE/plugins/com.st.stm32cube.ide.mcu.externaltools.gnu-tools-for-stm32.12.3.rel1.win32_1.1.0.202410251130/tools/bin/../lib/gcc/arm-none-eabi/12.3.1/../../../../arm-none-eabi/lib/thumb/v7-m/nofp\libc_nano.a(libc_a-init.o)
                0x08005884                __libc_init_array
 .text.memcpy   0x080058cc       0x1c C:/ST/STM32CubeIDE_1.16.0/STM32CubeIDE/plugins/com.st.stm32cube.ide.mcu.externaltools.gnu-tools-for-stm32.12.3.rel1.win32_1.1.0.202410251130/tools/bin/../lib/gcc/arm-none-eabi/12.3.1/../../../../arm-none-eabi/lib/thumb/v7-m/nofp\libc_nano.a(libc_a-memcpy-stub.o)
                0x080058cc                memcpy
 .text.log      0x080058e8       0x64 C:/ST/STM32CubeIDE_1.16.0/STM32CubeIDE/plugins/com.st.stm32cube.ide.mcu.externaltools.gnu-tools-for-stm32.12.3.rel1.win32_1.1.0.202410251130/tools/bin/../lib/gcc/arm-none-eabi/12.3.1/../../../../arm-none-eabi/lib/thumb/v7-m/nofp\libm.a(libm_a-w_log.o)
                0x080058e8                log
 .text.nan      0x0800594c        0xc C:/ST/STM32CubeIDE_1.16.0/STM32CubeIDE/plugins/com.st.stm32cube.ide.mcu.externaltools.gnu-tools-for-stm32.12.3.rel1.win32_1.1.0.202410251130/tools/bin/../lib/gcc/arm-none-eabi/12.3.1/../../../../arm-none-eabi/lib/thumb/v7-m/nofp\libm.a(libm_a-s_nan.o)
                0x0800594c                nan
 .text.__ieee754_log
                0x08005958      0x364 C:/ST/STM32CubeIDE_1.16.0/STM32CubeIDE/plugins/com.st.stm32cube.ide.mcu.externaltools.gnu-tools-for-stm32.12.3.rel1.win32_1.1.0.202410251130/tools/bin/../lib/gcc/arm-none-eabi/12.3.1/../../../../arm-none-eabi/lib/thumb/v7-m/nofp\libm.a(libm_a-e_log.o)
                0x08005958                __ieee754_log
 *(.glue_7)
 .glue_7        0x08005cbc        0x0 linker stubs
 *(.glue_7t)
 .glue_7t       0x08005cbc        0x0 linker stubs
 *(.eh_frame)
 .eh_frame      0x08005cbc        0x0 C:/ST/STM32CubeIDE_1.16.0/STM32CubeIDE/plugins/com.st.stm32cube.ide.mcu.externaltools.gnu-tools-for-stm32.12.3.rel1.win32_1.1.0.202410251130/tools/bin/../lib/gcc/arm-none-eabi/12.3.1/thumb/v7-m/nofp/crtbegin.o
 *(.init)
 .init          0x08005cbc        0x4 C:/ST/STM32CubeIDE_1.16.0/STM32CubeIDE/plugins/com.st.stm32cube.ide.mcu.externaltools.gnu-tools-for-stm32.12.3.rel1.win32_1.1.0.202410251130/tools/bin/../lib/gcc/arm-none-eabi/12.3.1/thumb/v7-m/nofp/crti.o
                0x08005cbc                _init
 .init          0x08005cc0        0x8 C:/ST/STM32CubeIDE_1.16.0/STM32CubeIDE/plugins/com.st.stm32cube.ide.mcu.externaltools.gnu-tools-for-stm32.12.3.rel1.win32_1.1.0.202410251130/tools/bin/../lib/gcc/arm-none-eabi/12.3.1/thumb/v7-m/nofp/crtn.o
 *(.fini)
 .fini          0x08005cc8        0x4 C:/ST/STM32CubeIDE_1.16.0/STM32CubeIDE/plugins/com.st.stm32cube.ide.mcu.externaltools.gnu-tools-for-stm32.12.3.rel1.win32_1.1.0.202410251130/tools/bin/../lib/gcc/arm-none-eabi/12.3.1/thumb/v7-m/nofp/crti.o
                0x08005cc8                _fini
 .fini          0x08005ccc        0x8 C:/ST/STM32CubeIDE_1.16.0/STM32CubeIDE/plugins/com.st.stm32cube.ide.mcu.externaltools.gnu-tools-for-stm32.12.3.rel1.win32_1.1.0.202410251130/tools/bin/../lib/gcc/arm-none-eabi/12.3.1/thumb/v7-m/nofp/crtn.o
                0x08005cd4                        . = ALIGN (0x4)
                0x08005cd4                        _etext = .

.vfp11_veneer   0x08005cd4        0x0
 .vfp11_veneer  0x08005cd4        0x0 linker stubs

.v4_bx          0x08005cd4        0x0
 .v4_bx         0x08005cd4        0x0 linker stubs

.iplt           0x08005cd4        0x0
 .iplt          0x08005cd4        0x0 C:/ST/STM32CubeIDE_1.16.0/STM32CubeIDE/plugins/com.st.stm32cube.ide.mcu.externaltools.gnu-tools-for-stm32.12.3.rel1.win32_1.1.0.202410251130/tools/bin/../lib/gcc/arm-none-eabi/12.3.1/thumb/v7-m/nofp/crtbegin.o

.rodata         0x08005cd4      0x448
                0x08005cd4                        . = ALIGN (0x4)
 *(.rodata)
 *(.rodata*)
 .rodata.LTC_CMD_RDCV
                0x08005cd4        0x8 ./Core/Src/6811.o
 .rodata.LTC_CMD_AUXREG
                0x08005cdc        0x4 ./Core/Src/6811.o
 .rodata.crc15Table
                0x08005ce0      0x400 ./Core/Src/6811.o
 .rodata.AHBPrescTable
                0x080060e0       0x10 ./Core/Src/system_stm32f1xx.o
                0x080060e0                AHBPrescTable
 .rodata.APBPrescTable
                0x080060f0        0x8 ./Core/Src/system_stm32f1xx.o
                0x080060f0                APBPrescTable
 .rodata.aPLLMULFactorTable.1
                0x080060f8        0xe ./Drivers/STM32F1xx_HAL_Driver/Src/stm32f1xx_hal_rcc.o
 *fill*         0x08006106        0x2 
 .rodata.aPredivFactorTable.0
                0x08006108       0x10 ./Drivers/STM32F1xx_HAL_Driver/Src/stm32f1xx_hal_rcc.o
 .rodata.log.str1.1
                0x08006118        0x1 C:/ST/STM32CubeIDE_1.16.0/STM32CubeIDE/plugins/com.st.stm32cube.ide.mcu.externaltools.gnu-tools-for-stm32.12.3.rel1.win32_1.1.0.202410251130/tools/bin/../lib/gcc/arm-none-eabi/12.3.1/../../../../arm-none-eabi/lib/thumb/v7-m/nofp\libm.a(libm_a-w_log.o)
                0x0800611c                        . = ALIGN (0x4)
 *fill*         0x08006119        0x3 

.ARM.extab      0x0800611c        0x0
                0x0800611c                        . = ALIGN (0x4)
 *(.ARM.extab* .gnu.linkonce.armextab.*)
                0x0800611c                        . = ALIGN (0x4)

.ARM            0x0800611c        0x8
                0x0800611c                        . = ALIGN (0x4)
                0x0800611c                        __exidx_start = .
 *(.ARM.exidx*)
 .ARM.exidx     0x0800611c        0x8 C:/ST/STM32CubeIDE_1.16.0/STM32CubeIDE/plugins/com.st.stm32cube.ide.mcu.externaltools.gnu-tools-for-stm32.12.3.rel1.win32_1.1.0.202410251130/tools/bin/../lib/gcc/arm-none-eabi/12.3.1/thumb/v7-m/nofp\libgcc.a(_udivmoddi4.o)
                0x08006124                        __exidx_end = .
                0x08006124                        . = ALIGN (0x4)

.rel.dyn        0x08006124        0x0
 .rel.iplt      0x08006124        0x0 C:/ST/STM32CubeIDE_1.16.0/STM32CubeIDE/plugins/com.st.stm32cube.ide.mcu.externaltools.gnu-tools-for-stm32.12.3.rel1.win32_1.1.0.202410251130/tools/bin/../lib/gcc/arm-none-eabi/12.3.1/thumb/v7-m/nofp/crtbegin.o

.preinit_array  0x08006124        0x0
                0x08006124                        . = ALIGN (0x4)
                0x08006124                        PROVIDE (__preinit_array_start = .)
 *(.preinit_array*)
                0x08006124                        PROVIDE (__preinit_array_end = .)
                0x08006124                        . = ALIGN (0x4)

.init_array     0x08006124        0x4
                0x08006124                        . = ALIGN (0x4)
                0x08006124                        PROVIDE (__init_array_start = .)
 *(SORT_BY_NAME(.init_array.*))
 *(.init_array*)
 .init_array    0x08006124        0x4 C:/ST/STM32CubeIDE_1.16.0/STM32CubeIDE/plugins/com.st.stm32cube.ide.mcu.externaltools.gnu-tools-for-stm32.12.3.rel1.win32_1.1.0.202410251130/tools/bin/../lib/gcc/arm-none-eabi/12.3.1/thumb/v7-m/nofp/crtbegin.o
                0x08006128                        PROVIDE (__init_array_end = .)
                0x08006128                        . = ALIGN (0x4)

.fini_array     0x08006128        0x4
                0x08006128                        . = ALIGN (0x4)
                [!provide]                        PROVIDE (__fini_array_start = .)
 *(SORT_BY_NAME(.fini_array.*))
 *(.fini_array*)
 .fini_array    0x08006128        0x4 C:/ST/STM32CubeIDE_1.16.0/STM32CubeIDE/plugins/com.st.stm32cube.ide.mcu.externaltools.gnu-tools-for-stm32.12.3.rel1.win32_1.1.0.202410251130/tools/bin/../lib/gcc/arm-none-eabi/12.3.1/thumb/v7-m/nofp/crtbegin.o
                [!provide]                        PROVIDE (__fini_array_end = .)
                0x0800612c                        . = ALIGN (0x4)
                0x0800612c                        _sidata = LOADADDR (.data)

.data           0x20000000       0xc8 load address 0x0800612c
                0x20000000                        . = ALIGN (0x4)
                0x20000000                        _sdata = .
 *(.data)
 *(.data*)
 .data.BMS_MUX_PAUSE
                0x20000000        0xc ./Core/Src/main.o
 .data.BMS_THERM
                0x2000000c       0x60 ./Core/Src/module.o
 .data.SystemCoreClock
                0x2000006c        0x4 ./Core/Src/system_stm32f1xx.o
                0x2000006c                SystemCoreClock
 .data.uwTickPrio
                0x20000070        0x4 ./Drivers/STM32F1xx_HAL_Driver/Src/stm32f1xx_hal.o
                0x20000070                uwTickPrio
 .data.uwTickFreq
                0x20000074        0x1 ./Drivers/STM32F1xx_HAL_Driver/Src/stm32f1xx_hal.o
                0x20000074                uwTickFreq
 *fill*         0x20000075        0x3 
 .data._impure_ptr
                0x20000078        0x4 C:/ST/STM32CubeIDE_1.16.0/STM32CubeIDE/plugins/com.st.stm32cube.ide.mcu.externaltools.gnu-tools-for-stm32.12.3.rel1.win32_1.1.0.202410251130/tools/bin/../lib/gcc/arm-none-eabi/12.3.1/../../../../arm-none-eabi/lib/thumb/v7-m/nofp\libc_nano.a(libc_a-impure.o)
                0x20000078                _impure_ptr
 .data._impure_data
                0x2000007c       0x4c C:/ST/STM32CubeIDE_1.16.0/STM32CubeIDE/plugins/com.st.stm32cube.ide.mcu.externaltools.gnu-tools-for-stm32.12.3.rel1.win32_1.1.0.202410251130/tools/bin/../lib/gcc/arm-none-eabi/12.3.1/../../../../arm-none-eabi/lib/thumb/v7-m/nofp\libc_nano.a(libc_a-impure.o)
                0x2000007c                _impure_data
 *(.RamFunc)
 *(.RamFunc*)
                0x200000c8                        . = ALIGN (0x4)
                0x200000c8                        _edata = .

.igot.plt       0x200000c8        0x0 load address 0x080061f4
 .igot.plt      0x200000c8        0x0 C:/ST/STM32CubeIDE_1.16.0/STM32CubeIDE/plugins/com.st.stm32cube.ide.mcu.externaltools.gnu-tools-for-stm32.12.3.rel1.win32_1.1.0.202410251130/tools/bin/../lib/gcc/arm-none-eabi/12.3.1/thumb/v7-m/nofp/crtbegin.o
                0x200000c8                        . = ALIGN (0x4)

.bss            0x200000c8      0x314 load address 0x080061f4
                0x200000c8                        _sbss = .
                0x200000c8                        __bss_start__ = _sbss
 *(.bss)
 .bss           0x200000c8       0x1c C:/ST/STM32CubeIDE_1.16.0/STM32CubeIDE/plugins/com.st.stm32cube.ide.mcu.externaltools.gnu-tools-for-stm32.12.3.rel1.win32_1.1.0.202410251130/tools/bin/../lib/gcc/arm-none-eabi/12.3.1/thumb/v7-m/nofp/crtbegin.o
 *(.bss*)
 .bss.wrcomm_buffer
                0x200000e4       0x44 ./Core/Src/6811.o
                0x200000e4                wrcomm_buffer
 .bss.hadc1     0x20000128       0x30 ./Core/Src/adc.o
                0x20000128                hadc1
 .bss.hadc2     0x20000158       0x30 ./Core/Src/adc.o
                0x20000158                hadc2
 .bss.hcan1     0x20000188       0x28 ./Core/Src/can.o
                0x20000188                hcan1
 .bss.scalar.1  0x200001b0        0x4 ./Core/Src/module.o
 .bss.steinhart.0
                0x200001b4        0x4 ./Core/Src/module.o
 .bss.hspi1     0x200001b8       0x58 ./Core/Src/spi.o
                0x200001b8                hspi1
 .bss.htim7     0x20000210       0x48 ./Core/Src/tim.o
                0x20000210                htim7
 .bss.huart1    0x20000258       0x48 ./Core/Src/usart.o
                0x20000258                huart1
 .bss.uwTick    0x200002a0        0x4 ./Drivers/STM32F1xx_HAL_Driver/Src/stm32f1xx_hal.o
                0x200002a0                uwTick
 .bss.__sf      0x200002a4      0x138 C:/ST/STM32CubeIDE_1.16.0/STM32CubeIDE/plugins/com.st.stm32cube.ide.mcu.externaltools.gnu-tools-for-stm32.12.3.rel1.win32_1.1.0.202410251130/tools/bin/../lib/gcc/arm-none-eabi/12.3.1/../../../../arm-none-eabi/lib/thumb/v7-m/nofp\libc_nano.a(libc_a-findfp.o)
                0x200002a4                __sf
 *(COMMON)
                0x200003dc                        . = ALIGN (0x4)
                0x200003dc                        _ebss = .
                0x200003dc                        __bss_end__ = _ebss

._user_heap_stack
                0x200003dc      0x604 load address 0x080061f4
                0x200003e0                        . = ALIGN (0x8)
 *fill*         0x200003dc        0x4 
                [!provide]                        PROVIDE (end = .)
                0x200003e0                        PROVIDE (_end = .)
                0x200005e0                        . = (. + _Min_Heap_Size)
 *fill*         0x200003e0      0x200 
                0x200009e0                        . = (. + _Min_Stack_Size)
 *fill*         0x200005e0      0x400 
                0x200009e0                        . = ALIGN (0x8)

/DISCARD/
 libc.a(*)
 libm.a(*)
 libgcc.a(*)

.ARM.attributes
                0x00000000       0x29
 *(.ARM.attributes)
 .ARM.attributes
                0x00000000       0x1d C:/ST/STM32CubeIDE_1.16.0/STM32CubeIDE/plugins/com.st.stm32cube.ide.mcu.externaltools.gnu-tools-for-stm32.12.3.rel1.win32_1.1.0.202410251130/tools/bin/../lib/gcc/arm-none-eabi/12.3.1/thumb/v7-m/nofp/crti.o
 .ARM.attributes
                0x0000001d       0x2d C:/ST/STM32CubeIDE_1.16.0/STM32CubeIDE/plugins/com.st.stm32cube.ide.mcu.externaltools.gnu-tools-for-stm32.12.3.rel1.win32_1.1.0.202410251130/tools/bin/../lib/gcc/arm-none-eabi/12.3.1/thumb/v7-m/nofp/crtbegin.o
 .ARM.attributes
                0x0000004a       0x2d ./Core/Src/6811.o
 .ARM.attributes
                0x00000077       0x2d ./Core/Src/adc.o
 .ARM.attributes
                0x000000a4       0x2d ./Core/Src/can.o
 .ARM.attributes
                0x000000d1       0x2d ./Core/Src/gpio.o
 .ARM.attributes
                0x000000fe       0x2d ./Core/Src/main.o
 .ARM.attributes
                0x0000012b       0x2d ./Core/Src/module.o
 .ARM.attributes
                0x00000158       0x2d ./Core/Src/safety.o
 .ARM.attributes
                0x00000185       0x2d ./Core/Src/spi.o
 .ARM.attributes
                0x000001b2       0x2d ./Core/Src/stm32f1xx_hal_msp.o
 .ARM.attributes
                0x000001df       0x2d ./Core/Src/stm32f1xx_it.o
 .ARM.attributes
                0x0000020c       0x2d ./Core/Src/system_stm32f1xx.o
 .ARM.attributes
                0x00000239       0x2d ./Core/Src/tim.o
 .ARM.attributes
                0x00000266       0x2d ./Core/Src/usart.o
 .ARM.attributes
                0x00000293       0x21 ./Core/Startup/startup_stm32f105rbtx.o
 .ARM.attributes
                0x000002b4       0x2d ./Drivers/STM32F1xx_HAL_Driver/Src/stm32f1xx_hal.o
 .ARM.attributes
                0x000002e1       0x2d ./Drivers/STM32F1xx_HAL_Driver/Src/stm32f1xx_hal_adc.o
 .ARM.attributes
                0x0000030e       0x2d ./Drivers/STM32F1xx_HAL_Driver/Src/stm32f1xx_hal_can.o
 .ARM.attributes
                0x0000033b       0x2d ./Drivers/STM32F1xx_HAL_Driver/Src/stm32f1xx_hal_cortex.o
 .ARM.attributes
                0x00000368       0x2d ./Drivers/STM32F1xx_HAL_Driver/Src/stm32f1xx_hal_gpio.o
 .ARM.attributes
                0x00000395       0x2d ./Drivers/STM32F1xx_HAL_Driver/Src/stm32f1xx_hal_rcc.o
 .ARM.attributes
                0x000003c2       0x2d ./Drivers/STM32F1xx_HAL_Driver/Src/stm32f1xx_hal_rcc_ex.o
 .ARM.attributes
                0x000003ef       0x2d ./Drivers/STM32F1xx_HAL_Driver/Src/stm32f1xx_hal_spi.o
 .ARM.attributes
                0x0000041c       0x2d ./Drivers/STM32F1xx_HAL_Driver/Src/stm32f1xx_hal_tim.o
 .ARM.attributes
                0x00000449       0x2d ./Drivers/STM32F1xx_HAL_Driver/Src/stm32f1xx_hal_tim_ex.o
 .ARM.attributes
                0x00000476       0x2d ./Drivers/STM32F1xx_HAL_Driver/Src/stm32f1xx_hal_uart.o
 .ARM.attributes
                0x000004a3       0x2d C:/ST/STM32CubeIDE_1.16.0/STM32CubeIDE/plugins/com.st.stm32cube.ide.mcu.externaltools.gnu-tools-for-stm32.12.3.rel1.win32_1.1.0.202410251130/tools/bin/../lib/gcc/arm-none-eabi/12.3.1/../../../../arm-none-eabi/lib/thumb/v7-m/nofp\libc_nano.a(libc_a-findfp.o)
 .ARM.attributes
                0x000004d0       0x2d C:/ST/STM32CubeIDE_1.16.0/STM32CubeIDE/plugins/com.st.stm32cube.ide.mcu.externaltools.gnu-tools-for-stm32.12.3.rel1.win32_1.1.0.202410251130/tools/bin/../lib/gcc/arm-none-eabi/12.3.1/../../../../arm-none-eabi/lib/thumb/v7-m/nofp\libc_nano.a(libc_a-memset.o)
 .ARM.attributes
                0x000004fd       0x2d C:/ST/STM32CubeIDE_1.16.0/STM32CubeIDE/plugins/com.st.stm32cube.ide.mcu.externaltools.gnu-tools-for-stm32.12.3.rel1.win32_1.1.0.202410251130/tools/bin/../lib/gcc/arm-none-eabi/12.3.1/../../../../arm-none-eabi/lib/thumb/v7-m/nofp\libc_nano.a(libc_a-impure.o)
 .ARM.attributes
                0x0000052a       0x2d C:/ST/STM32CubeIDE_1.16.0/STM32CubeIDE/plugins/com.st.stm32cube.ide.mcu.externaltools.gnu-tools-for-stm32.12.3.rel1.win32_1.1.0.202410251130/tools/bin/../lib/gcc/arm-none-eabi/12.3.1/../../../../arm-none-eabi/lib/thumb/v7-m/nofp\libc_nano.a(libc_a-errno.o)
 .ARM.attributes
                0x00000557       0x2d C:/ST/STM32CubeIDE_1.16.0/STM32CubeIDE/plugins/com.st.stm32cube.ide.mcu.externaltools.gnu-tools-for-stm32.12.3.rel1.win32_1.1.0.202410251130/tools/bin/../lib/gcc/arm-none-eabi/12.3.1/../../../../arm-none-eabi/lib/thumb/v7-m/nofp\libc_nano.a(libc_a-init.o)
 .ARM.attributes
                0x00000584       0x2d C:/ST/STM32CubeIDE_1.16.0/STM32CubeIDE/plugins/com.st.stm32cube.ide.mcu.externaltools.gnu-tools-for-stm32.12.3.rel1.win32_1.1.0.202410251130/tools/bin/../lib/gcc/arm-none-eabi/12.3.1/../../../../arm-none-eabi/lib/thumb/v7-m/nofp\libc_nano.a(libc_a-memcpy-stub.o)
 .ARM.attributes
                0x000005b1       0x2d C:/ST/STM32CubeIDE_1.16.0/STM32CubeIDE/plugins/com.st.stm32cube.ide.mcu.externaltools.gnu-tools-for-stm32.12.3.rel1.win32_1.1.0.202410251130/tools/bin/../lib/gcc/arm-none-eabi/12.3.1/../../../../arm-none-eabi/lib/thumb/v7-m/nofp\libm.a(libm_a-w_log.o)
 .ARM.attributes
                0x000005de       0x2d C:/ST/STM32CubeIDE_1.16.0/STM32CubeIDE/plugins/com.st.stm32cube.ide.mcu.externaltools.gnu-tools-for-stm32.12.3.rel1.win32_1.1.0.202410251130/tools/bin/../lib/gcc/arm-none-eabi/12.3.1/../../../../arm-none-eabi/lib/thumb/v7-m/nofp\libm.a(libm_a-s_nan.o)
 .ARM.attributes
                0x0000060b       0x2d C:/ST/STM32CubeIDE_1.16.0/STM32CubeIDE/plugins/com.st.stm32cube.ide.mcu.externaltools.gnu-tools-for-stm32.12.3.rel1.win32_1.1.0.202410251130/tools/bin/../lib/gcc/arm-none-eabi/12.3.1/../../../../arm-none-eabi/lib/thumb/v7-m/nofp\libm.a(libm_a-e_log.o)
 .ARM.attributes
                0x00000638       0x1d C:/ST/STM32CubeIDE_1.16.0/STM32CubeIDE/plugins/com.st.stm32cube.ide.mcu.externaltools.gnu-tools-for-stm32.12.3.rel1.win32_1.1.0.202410251130/tools/bin/../lib/gcc/arm-none-eabi/12.3.1/thumb/v7-m/nofp\libgcc.a(_arm_addsubdf3.o)
 .ARM.attributes
                0x00000655       0x1d C:/ST/STM32CubeIDE_1.16.0/STM32CubeIDE/plugins/com.st.stm32cube.ide.mcu.externaltools.gnu-tools-for-stm32.12.3.rel1.win32_1.1.0.202410251130/tools/bin/../lib/gcc/arm-none-eabi/12.3.1/thumb/v7-m/nofp\libgcc.a(_arm_muldivdf3.o)
 .ARM.attributes
                0x00000672       0x1d C:/ST/STM32CubeIDE_1.16.0/STM32CubeIDE/plugins/com.st.stm32cube.ide.mcu.externaltools.gnu-tools-for-stm32.12.3.rel1.win32_1.1.0.202410251130/tools/bin/../lib/gcc/arm-none-eabi/12.3.1/thumb/v7-m/nofp\libgcc.a(_arm_cmpdf2.o)
 .ARM.attributes
                0x0000068f       0x1d C:/ST/STM32CubeIDE_1.16.0/STM32CubeIDE/plugins/com.st.stm32cube.ide.mcu.externaltools.gnu-tools-for-stm32.12.3.rel1.win32_1.1.0.202410251130/tools/bin/../lib/gcc/arm-none-eabi/12.3.1/thumb/v7-m/nofp\libgcc.a(_arm_unorddf2.o)
 .ARM.attributes
                0x000006ac       0x1d C:/ST/STM32CubeIDE_1.16.0/STM32CubeIDE/plugins/com.st.stm32cube.ide.mcu.externaltools.gnu-tools-for-stm32.12.3.rel1.win32_1.1.0.202410251130/tools/bin/../lib/gcc/arm-none-eabi/12.3.1/thumb/v7-m/nofp\libgcc.a(_arm_truncdfsf2.o)
 .ARM.attributes
                0x000006c9       0x1d C:/ST/STM32CubeIDE_1.16.0/STM32CubeIDE/plugins/com.st.stm32cube.ide.mcu.externaltools.gnu-tools-for-stm32.12.3.rel1.win32_1.1.0.202410251130/tools/bin/../lib/gcc/arm-none-eabi/12.3.1/thumb/v7-m/nofp\libgcc.a(_arm_addsubsf3.o)
 .ARM.attributes
                0x000006e6       0x1d C:/ST/STM32CubeIDE_1.16.0/STM32CubeIDE/plugins/com.st.stm32cube.ide.mcu.externaltools.gnu-tools-for-stm32.12.3.rel1.win32_1.1.0.202410251130/tools/bin/../lib/gcc/arm-none-eabi/12.3.1/thumb/v7-m/nofp\libgcc.a(_arm_muldivsf3.o)
 .ARM.attributes
                0x00000703       0x1d C:/ST/STM32CubeIDE_1.16.0/STM32CubeIDE/plugins/com.st.stm32cube.ide.mcu.externaltools.gnu-tools-for-stm32.12.3.rel1.win32_1.1.0.202410251130/tools/bin/../lib/gcc/arm-none-eabi/12.3.1/thumb/v7-m/nofp\libgcc.a(_arm_fixunssfsi.o)
 .ARM.attributes
                0x00000720       0x1d C:/ST/STM32CubeIDE_1.16.0/STM32CubeIDE/plugins/com.st.stm32cube.ide.mcu.externaltools.gnu-tools-for-stm32.12.3.rel1.win32_1.1.0.202410251130/tools/bin/../lib/gcc/arm-none-eabi/12.3.1/thumb/v7-m/nofp\libgcc.a(_aeabi_uldivmod.o)
 .ARM.attributes
                0x0000073d       0x2d C:/ST/STM32CubeIDE_1.16.0/STM32CubeIDE/plugins/com.st.stm32cube.ide.mcu.externaltools.gnu-tools-for-stm32.12.3.rel1.win32_1.1.0.202410251130/tools/bin/../lib/gcc/arm-none-eabi/12.3.1/thumb/v7-m/nofp\libgcc.a(_udivmoddi4.o)
 .ARM.attributes
                0x0000076a       0x1d C:/ST/STM32CubeIDE_1.16.0/STM32CubeIDE/plugins/com.st.stm32cube.ide.mcu.externaltools.gnu-tools-for-stm32.12.3.rel1.win32_1.1.0.202410251130/tools/bin/../lib/gcc/arm-none-eabi/12.3.1/thumb/v7-m/nofp\libgcc.a(_dvmd_tls.o)
 .ARM.attributes
                0x00000787       0x1d C:/ST/STM32CubeIDE_1.16.0/STM32CubeIDE/plugins/com.st.stm32cube.ide.mcu.externaltools.gnu-tools-for-stm32.12.3.rel1.win32_1.1.0.202410251130/tools/bin/../lib/gcc/arm-none-eabi/12.3.1/thumb/v7-m/nofp/crtn.o
OUTPUT(SR16_BMS_Reduced_Delay.elf elf32-littlearm)
LOAD linker stubs
LOAD C:/ST/STM32CubeIDE_1.16.0/STM32CubeIDE/plugins/com.st.stm32cube.ide.mcu.externaltools.gnu-tools-for-stm32.12.3.rel1.win32_1.1.0.202410251130/tools/bin/../lib/gcc/arm-none-eabi/12.3.1/../../../../arm-none-eabi/lib/thumb/v7-m/nofp\libc.a
LOAD C:/ST/STM32CubeIDE_1.16.0/STM32CubeIDE/plugins/com.st.stm32cube.ide.mcu.externaltools.gnu-tools-for-stm32.12.3.rel1.win32_1.1.0.202410251130/tools/bin/../lib/gcc/arm-none-eabi/12.3.1/../../../../arm-none-eabi/lib/thumb/v7-m/nofp\libm.a
LOAD C:/ST/STM32CubeIDE_1.16.0/STM32CubeIDE/plugins/com.st.stm32cube.ide.mcu.externaltools.gnu-tools-for-stm32.12.3.rel1.win32_1.1.0.202410251130/tools/bin/../lib/gcc/arm-none-eabi/12.3.1/thumb/v7-m/nofp\libgcc.a

.debug_info     0x00000000    0x1157c
 .debug_info    0x00000000      0xdef ./Core/Src/6811.o
 .debug_info    0x00000def      0x83d ./Core/Src/adc.o
 .debug_info    0x0000162c      0xba3 ./Core/Src/can.o
 .debug_info    0x000021cf      0x2eb ./Core/Src/gpio.o
 .debug_info    0x000024ba      0xa25 ./Core/Src/main.o
 .debug_info    0x00002edf      0x2f6 ./Core/Src/module.o
 .debug_info    0x000031d5      0x387 ./Core/Src/safety.o
 .debug_info    0x0000355c      0x83f ./Core/Src/spi.o
 .debug_info    0x00003d9b      0x20b ./Core/Src/stm32f1xx_hal_msp.o
 .debug_info    0x00003fa6      0x113 ./Core/Src/stm32f1xx_it.o
 .debug_info    0x000040b9      0x257 ./Core/Src/system_stm32f1xx.o
 .debug_info    0x00004310      0x7cd ./Core/Src/tim.o
 .debug_info    0x00004add      0x7b0 ./Core/Src/usart.o
 .debug_info    0x0000528d       0x30 ./Core/Startup/startup_stm32f105rbtx.o
 .debug_info    0x000052bd      0x780 ./Drivers/STM32F1xx_HAL_Driver/Src/stm32f1xx_hal.o
 .debug_info    0x00005a3d      0xc50 ./Drivers/STM32F1xx_HAL_Driver/Src/stm32f1xx_hal_adc.o
 .debug_info    0x0000668d      0xf0f ./Drivers/STM32F1xx_HAL_Driver/Src/stm32f1xx_hal_can.o
 .debug_info    0x0000759c      0xae7 ./Drivers/STM32F1xx_HAL_Driver/Src/stm32f1xx_hal_cortex.o
 .debug_info    0x00008083      0x5c5 ./Drivers/STM32F1xx_HAL_Driver/Src/stm32f1xx_hal_gpio.o
 .debug_info    0x00008648      0x895 ./Drivers/STM32F1xx_HAL_Driver/Src/stm32f1xx_hal_rcc.o
 .debug_info    0x00008edd      0x585 ./Drivers/STM32F1xx_HAL_Driver/Src/stm32f1xx_hal_rcc_ex.o
 .debug_info    0x00009462     0x1439 ./Drivers/STM32F1xx_HAL_Driver/Src/stm32f1xx_hal_spi.o
 .debug_info    0x0000a89b     0x2959 ./Drivers/STM32F1xx_HAL_Driver/Src/stm32f1xx_hal_tim.o
 .debug_info    0x0000d1f4     0x149b ./Drivers/STM32F1xx_HAL_Driver/Src/stm32f1xx_hal_tim_ex.o
 .debug_info    0x0000e68f     0x2eed ./Drivers/STM32F1xx_HAL_Driver/Src/stm32f1xx_hal_uart.o

.debug_abbrev   0x00000000     0x30f3
 .debug_abbrev  0x00000000      0x30b ./Core/Src/6811.o
 .debug_abbrev  0x0000030b      0x1e5 ./Core/Src/adc.o
 .debug_abbrev  0x000004f0      0x2ca ./Core/Src/can.o
 .debug_abbrev  0x000007ba      0x13f ./Core/Src/gpio.o
 .debug_abbrev  0x000008f9      0x2cd ./Core/Src/main.o
 .debug_abbrev  0x00000bc6      0x151 ./Core/Src/module.o
 .debug_abbrev  0x00000d17      0x1c1 ./Core/Src/safety.o
 .debug_abbrev  0x00000ed8      0x1e8 ./Core/Src/spi.o
 .debug_abbrev  0x000010c0       0xdb ./Core/Src/stm32f1xx_hal_msp.o
 .debug_abbrev  0x0000119b       0x73 ./Core/Src/stm32f1xx_it.o
 .debug_abbrev  0x0000120e      0x11a ./Core/Src/system_stm32f1xx.o
 .debug_abbrev  0x00001328      0x1ed ./Core/Src/tim.o
 .debug_abbrev  0x00001515      0x1e6 ./Core/Src/usart.o
 .debug_abbrev  0x000016fb       0x24 ./Core/Startup/startup_stm32f105rbtx.o
 .debug_abbrev  0x0000171f      0x201 ./Drivers/STM32F1xx_HAL_Driver/Src/stm32f1xx_hal.o
 .debug_abbrev  0x00001920      0x225 ./Drivers/STM32F1xx_HAL_Driver/Src/stm32f1xx_hal_adc.o
 .debug_abbrev  0x00001b45      0x242 ./Drivers/STM32F1xx_HAL_Driver/Src/stm32f1xx_hal_can.o
 .debug_abbrev  0x00001d87      0x2f8 ./Drivers/STM32F1xx_HAL_Driver/Src/stm32f1xx_hal_cortex.o
 .debug_abbrev  0x0000207f      0x1ca ./Drivers/STM32F1xx_HAL_Driver/Src/stm32f1xx_hal_gpio.o
 .debug_abbrev  0x00002249      0x293 ./Drivers/STM32F1xx_HAL_Driver/Src/stm32f1xx_hal_rcc.o
 .debug_abbrev  0x000024dc      0x1ac ./Drivers/STM32F1xx_HAL_Driver/Src/stm32f1xx_hal_rcc_ex.o
 .debug_abbrev  0x00002688      0x27a ./Drivers/STM32F1xx_HAL_Driver/Src/stm32f1xx_hal_spi.o
 .debug_abbrev  0x00002902      0x277 ./Drivers/STM32F1xx_HAL_Driver/Src/stm32f1xx_hal_tim.o
 .debug_abbrev  0x00002b79      0x282 ./Drivers/STM32F1xx_HAL_Driver/Src/stm32f1xx_hal_tim_ex.o
 .debug_abbrev  0x00002dfb      0x2f8 ./Drivers/STM32F1xx_HAL_Driver/Src/stm32f1xx_hal_uart.o

.debug_aranges  0x00000000     0x11c0
 .debug_aranges
                0x00000000       0x80 ./Core/Src/6811.o
 .debug_aranges
                0x00000080       0x38 ./Core/Src/adc.o
 .debug_aranges
                0x000000b8       0x78 ./Core/Src/can.o
 .debug_aranges
                0x00000130       0x20 ./Core/Src/gpio.o
 .debug_aranges
                0x00000150       0x50 ./Core/Src/main.o
 .debug_aranges
                0x000001a0       0x30 ./Core/Src/module.o
 .debug_aranges
                0x000001d0       0x30 ./Core/Src/safety.o
 .debug_aranges
                0x00000200       0x40 ./Core/Src/spi.o
 .debug_aranges
                0x00000240       0x20 ./Core/Src/stm32f1xx_hal_msp.o
 .debug_aranges
                0x00000260       0x60 ./Core/Src/stm32f1xx_it.o
 .debug_aranges
                0x000002c0       0x28 ./Core/Src/system_stm32f1xx.o
 .debug_aranges
                0x000002e8       0x30 ./Core/Src/tim.o
 .debug_aranges
                0x00000318       0x30 ./Core/Src/usart.o
 .debug_aranges
                0x00000348       0x28 ./Core/Startup/startup_stm32f105rbtx.o
 .debug_aranges
                0x00000370       0xe0 ./Drivers/STM32F1xx_HAL_Driver/Src/stm32f1xx_hal.o
 .debug_aranges
                0x00000450       0xf0 ./Drivers/STM32F1xx_HAL_Driver/Src/stm32f1xx_hal_adc.o
 .debug_aranges
                0x00000540      0x138 ./Drivers/STM32F1xx_HAL_Driver/Src/stm32f1xx_hal_can.o
 .debug_aranges
                0x00000678      0x100 ./Drivers/STM32F1xx_HAL_Driver/Src/stm32f1xx_hal_cortex.o
 .debug_aranges
                0x00000778       0x58 ./Drivers/STM32F1xx_HAL_Driver/Src/stm32f1xx_hal_gpio.o
 .debug_aranges
                0x000007d0       0x90 ./Drivers/STM32F1xx_HAL_Driver/Src/stm32f1xx_hal_rcc.o
 .debug_aranges
                0x00000860       0x50 ./Drivers/STM32F1xx_HAL_Driver/Src/stm32f1xx_hal_rcc_ex.o
 .debug_aranges
                0x000008b0      0x1d0 ./Drivers/STM32F1xx_HAL_Driver/Src/stm32f1xx_hal_spi.o
 .debug_aranges
                0x00000a80      0x3d0 ./Drivers/STM32F1xx_HAL_Driver/Src/stm32f1xx_hal_tim.o
 .debug_aranges
                0x00000e50      0x168 ./Drivers/STM32F1xx_HAL_Driver/Src/stm32f1xx_hal_tim_ex.o
 .debug_aranges
                0x00000fb8      0x208 ./Drivers/STM32F1xx_HAL_Driver/Src/stm32f1xx_hal_uart.o

.debug_rnglists
                0x00000000      0xdbf
 .debug_rnglists
                0x00000000       0x64 ./Core/Src/6811.o
 .debug_rnglists
                0x00000064       0x26 ./Core/Src/adc.o
 .debug_rnglists
                0x0000008a       0x5a ./Core/Src/can.o
 .debug_rnglists
                0x000000e4       0x14 ./Core/Src/gpio.o
 .debug_rnglists
                0x000000f8       0x39 ./Core/Src/main.o
 .debug_rnglists
                0x00000131       0x21 ./Core/Src/module.o
 .debug_rnglists
                0x00000152       0x22 ./Core/Src/safety.o
 .debug_rnglists
                0x00000174       0x2c ./Core/Src/spi.o
 .debug_rnglists
                0x000001a0       0x13 ./Core/Src/stm32f1xx_hal_msp.o
 .debug_rnglists
                0x000001b3       0x43 ./Core/Src/stm32f1xx_it.o
 .debug_rnglists
                0x000001f6       0x1a ./Core/Src/system_stm32f1xx.o
 .debug_rnglists
                0x00000210       0x1f ./Core/Src/tim.o
 .debug_rnglists
                0x0000022f       0x20 ./Core/Src/usart.o
 .debug_rnglists
                0x0000024f       0x19 ./Core/Startup/startup_stm32f105rbtx.o
 .debug_rnglists
                0x00000268       0xa3 ./Drivers/STM32F1xx_HAL_Driver/Src/stm32f1xx_hal.o
 .debug_rnglists
                0x0000030b       0xbc ./Drivers/STM32F1xx_HAL_Driver/Src/stm32f1xx_hal_adc.o
 .debug_rnglists
                0x000003c7       0xed ./Drivers/STM32F1xx_HAL_Driver/Src/stm32f1xx_hal_can.o
 .debug_rnglists
                0x000004b4       0xbb ./Drivers/STM32F1xx_HAL_Driver/Src/stm32f1xx_hal_cortex.o
 .debug_rnglists
                0x0000056f       0x3f ./Drivers/STM32F1xx_HAL_Driver/Src/stm32f1xx_hal_gpio.o
 .debug_rnglists
                0x000005ae       0x6c ./Drivers/STM32F1xx_HAL_Driver/Src/stm32f1xx_hal_rcc.o
 .debug_rnglists
                0x0000061a       0x3c ./Drivers/STM32F1xx_HAL_Driver/Src/stm32f1xx_hal_rcc_ex.o
 .debug_rnglists
                0x00000656      0x16e ./Drivers/STM32F1xx_HAL_Driver/Src/stm32f1xx_hal_spi.o
 .debug_rnglists
                0x000007c4      0x31a ./Drivers/STM32F1xx_HAL_Driver/Src/stm32f1xx_hal_tim.o
 .debug_rnglists
                0x00000ade      0x125 ./Drivers/STM32F1xx_HAL_Driver/Src/stm32f1xx_hal_tim_ex.o
 .debug_rnglists
                0x00000c03      0x1bc ./Drivers/STM32F1xx_HAL_Driver/Src/stm32f1xx_hal_uart.o

.debug_macro    0x00000000    0x20f5b
 .debug_macro   0x00000000      0x2e9 ./Core/Src/6811.o
 .debug_macro   0x000002e9      0xaa8 ./Core/Src/6811.o
 .debug_macro   0x00000d91       0x22 ./Core/Src/6811.o
 .debug_macro   0x00000db3       0x8e ./Core/Src/6811.o
 .debug_macro   0x00000e41       0x51 ./Core/Src/6811.o
 .debug_macro   0x00000e92      0x103 ./Core/Src/6811.o
 .debug_macro   0x00000f95       0x6a ./Core/Src/6811.o
 .debug_macro   0x00000fff      0x1df ./Core/Src/6811.o
 .debug_macro   0x000011de       0x24 ./Core/Src/6811.o
 .debug_macro   0x00001202       0x61 ./Core/Src/6811.o
 .debug_macro   0x00001263       0x43 ./Core/Src/6811.o
 .debug_macro   0x000012a6       0x34 ./Core/Src/6811.o
 .debug_macro   0x000012da       0x16 ./Core/Src/6811.o
 .debug_macro   0x000012f0      0x11c ./Core/Src/6811.o
 .debug_macro   0x0000140c       0x94 ./Core/Src/6811.o
 .debug_macro   0x000014a0       0x16 ./Core/Src/6811.o
 .debug_macro   0x000014b6       0x43 ./Core/Src/6811.o
 .debug_macro   0x000014f9       0x34 ./Core/Src/6811.o
 .debug_macro   0x0000152d       0x10 ./Core/Src/6811.o
 .debug_macro   0x0000153d       0x58 ./Core/Src/6811.o
 .debug_macro   0x00001595       0x8e ./Core/Src/6811.o
 .debug_macro   0x00001623       0x1c ./Core/Src/6811.o
 .debug_macro   0x0000163f      0x177 ./Core/Src/6811.o
 .debug_macro   0x000017b6      0x369 ./Core/Src/6811.o
 .debug_macro   0x00001b1f       0x16 ./Core/Src/6811.o
 .debug_macro   0x00001b35       0x29 ./Core/Src/6811.o
 .debug_macro   0x00001b5e      0x22d ./Core/Src/6811.o
 .debug_macro   0x00001d8b       0x2e ./Core/Src/6811.o
 .debug_macro   0x00001db9       0x22 ./Core/Src/6811.o
 .debug_macro   0x00001ddb       0x1c ./Core/Src/6811.o
 .debug_macro   0x00001df7       0x22 ./Core/Src/6811.o
 .debug_macro   0x00001e19       0xbd ./Core/Src/6811.o
 .debug_macro   0x00001ed6      0xd23 ./Core/Src/6811.o
 .debug_macro   0x00002bf9    0x14912 ./Core/Src/6811.o
 .debug_macro   0x0001750b       0x6d ./Core/Src/6811.o
 .debug_macro   0x00017578     0x34a2 ./Core/Src/6811.o
 .debug_macro   0x0001aa1a       0x56 ./Core/Src/6811.o
 .debug_macro   0x0001aa70      0x5bc ./Core/Src/6811.o
 .debug_macro   0x0001b02c      0x644 ./Core/Src/6811.o
 .debug_macro   0x0001b670      0x1cb ./Core/Src/6811.o
 .debug_macro   0x0001b83b      0x114 ./Core/Src/6811.o
 .debug_macro   0x0001b94f      0x214 ./Core/Src/6811.o
 .debug_macro   0x0001bb63       0x27 ./Core/Src/6811.o
 .debug_macro   0x0001bb8a      0x13c ./Core/Src/6811.o
 .debug_macro   0x0001bcc6      0x1bc ./Core/Src/6811.o
 .debug_macro   0x0001be82       0x30 ./Core/Src/6811.o
 .debug_macro   0x0001beb2       0x3c ./Core/Src/6811.o
 .debug_macro   0x0001beee      0x40f ./Core/Src/6811.o
 .debug_macro   0x0001c2fd       0x57 ./Core/Src/6811.o
 .debug_macro   0x0001c354      0x46a ./Core/Src/6811.o
 .debug_macro   0x0001c7be      0x1c3 ./Core/Src/6811.o
 .debug_macro   0x0001c981       0x87 ./Core/Src/6811.o
 .debug_macro   0x0001ca08      0x24f ./Core/Src/6811.o
 .debug_macro   0x0001cc57      0x140 ./Core/Src/6811.o
 .debug_macro   0x0001cd97      0x217 ./Core/Src/6811.o
 .debug_macro   0x0001cfae      0x8ed ./Core/Src/6811.o
 .debug_macro   0x0001d89b      0x28e ./Core/Src/6811.o
 .debug_macro   0x0001db29       0xdf ./Core/Src/6811.o
 .debug_macro   0x0001dc08       0xc4 ./Core/Src/6811.o
 .debug_macro   0x0001dccc       0x16 ./Core/Src/6811.o
 .debug_macro   0x0001dce2       0x35 ./Core/Src/6811.o
 .debug_macro   0x0001dd17       0x20 ./Core/Src/6811.o
 .debug_macro   0x0001dd37       0x52 ./Core/Src/6811.o
 .debug_macro   0x0001dd89      0x1e4 ./Core/Src/adc.o
 .debug_macro   0x0001df6d      0x189 ./Core/Src/adc.o
 .debug_macro   0x0001e0f6       0x5c ./Core/Src/adc.o
 .debug_macro   0x0001e152      0x1e4 ./Core/Src/can.o
 .debug_macro   0x0001e336      0x1e4 ./Core/Src/gpio.o
 .debug_macro   0x0001e51a      0x354 ./Core/Src/main.o
 .debug_macro   0x0001e86e       0x10 ./Core/Src/main.o
 .debug_macro   0x0001e87e       0x1c ./Core/Src/main.o
 .debug_macro   0x0001e89a      0x331 ./Core/Src/module.o
 .debug_macro   0x0001ebcb       0x16 ./Core/Src/module.o
 .debug_macro   0x0001ebe1      0x19b ./Core/Src/module.o
 .debug_macro   0x0001ed7c      0x21a ./Core/Src/safety.o
 .debug_macro   0x0001ef96      0x1e4 ./Core/Src/spi.o
 .debug_macro   0x0001f17a      0x1da ./Core/Src/stm32f1xx_hal_msp.o
 .debug_macro   0x0001f354      0x1e4 ./Core/Src/stm32f1xx_it.o
 .debug_macro   0x0001f538      0x1cb ./Core/Src/system_stm32f1xx.o
 .debug_macro   0x0001f703      0x1e4 ./Core/Src/tim.o
 .debug_macro   0x0001f8e7      0x1e4 ./Core/Src/usart.o
 .debug_macro   0x0001facb      0x1ef ./Drivers/STM32F1xx_HAL_Driver/Src/stm32f1xx_hal.o
 .debug_macro   0x0001fcba      0x1e8 ./Drivers/STM32F1xx_HAL_Driver/Src/stm32f1xx_hal_adc.o
 .debug_macro   0x0001fea2      0x1da ./Drivers/STM32F1xx_HAL_Driver/Src/stm32f1xx_hal_can.o
 .debug_macro   0x0002007c      0x1cb ./Drivers/STM32F1xx_HAL_Driver/Src/stm32f1xx_hal_cortex.o
 .debug_macro   0x00020247      0x236 ./Drivers/STM32F1xx_HAL_Driver/Src/stm32f1xx_hal_gpio.o
 .debug_macro   0x0002047d      0x1dd ./Drivers/STM32F1xx_HAL_Driver/Src/stm32f1xx_hal_rcc.o
 .debug_macro   0x0002065a      0x1cb ./Drivers/STM32F1xx_HAL_Driver/Src/stm32f1xx_hal_rcc_ex.o
 .debug_macro   0x00020825      0x1d3 ./Drivers/STM32F1xx_HAL_Driver/Src/stm32f1xx_hal_spi.o
 .debug_macro   0x000209f8      0x1cc ./Drivers/STM32F1xx_HAL_Driver/Src/stm32f1xx_hal_tim.o
 .debug_macro   0x00020bc4      0x1cb ./Drivers/STM32F1xx_HAL_Driver/Src/stm32f1xx_hal_tim_ex.o
 .debug_macro   0x00020d8f      0x1cc ./Drivers/STM32F1xx_HAL_Driver/Src/stm32f1xx_hal_uart.o

.debug_line     0x00000000    0x169f7
 .debug_line    0x00000000      0xeb0 ./Core/Src/6811.o
 .debug_line    0x00000eb0      0x83e ./Core/Src/adc.o
 .debug_line    0x000016ee      0xa2b ./Core/Src/can.o
 .debug_line    0x00002119      0x791 ./Core/Src/gpio.o
 .debug_line    0x000028aa      0xb16 ./Core/Src/main.o
 .debug_line    0x000033c0      0x9a9 ./Core/Src/module.o
 .debug_line    0x00003d69      0x955 ./Core/Src/safety.o
 .debug_line    0x000046be      0x803 ./Core/Src/spi.o
 .debug_line    0x00004ec1      0x75c ./Core/Src/stm32f1xx_hal_msp.o
 .debug_line    0x0000561d      0x81e ./Core/Src/stm32f1xx_it.o
 .debug_line    0x00005e3b      0x811 ./Core/Src/system_stm32f1xx.o
 .debug_line    0x0000664c      0x7b3 ./Core/Src/tim.o
 .debug_line    0x00006dff      0x7cb ./Core/Src/usart.o
 .debug_line    0x000075ca       0x78 ./Core/Startup/startup_stm32f105rbtx.o
 .debug_line    0x00007642      0xa09 ./Drivers/STM32F1xx_HAL_Driver/Src/stm32f1xx_hal.o
 .debug_line    0x0000804b     0x1084 ./Drivers/STM32F1xx_HAL_Driver/Src/stm32f1xx_hal_adc.o
 .debug_line    0x000090cf     0x11ee ./Drivers/STM32F1xx_HAL_Driver/Src/stm32f1xx_hal_can.o
 .debug_line    0x0000a2bd      0xbf3 ./Drivers/STM32F1xx_HAL_Driver/Src/stm32f1xx_hal_cortex.o
 .debug_line    0x0000aeb0      0xaa0 ./Drivers/STM32F1xx_HAL_Driver/Src/stm32f1xx_hal_gpio.o
 .debug_line    0x0000b950      0xf46 ./Drivers/STM32F1xx_HAL_Driver/Src/stm32f1xx_hal_rcc.o
 .debug_line    0x0000c896      0xc4d ./Drivers/STM32F1xx_HAL_Driver/Src/stm32f1xx_hal_rcc_ex.o
 .debug_line    0x0000d4e3     0x1d2b ./Drivers/STM32F1xx_HAL_Driver/Src/stm32f1xx_hal_spi.o
 .debug_line    0x0000f20e     0x3579 ./Drivers/STM32F1xx_HAL_Driver/Src/stm32f1xx_hal_tim.o
 .debug_line    0x00012787     0x198a ./Drivers/STM32F1xx_HAL_Driver/Src/stm32f1xx_hal_tim_ex.o
 .debug_line    0x00014111     0x28e6 ./Drivers/STM32F1xx_HAL_Driver/Src/stm32f1xx_hal_uart.o

.debug_str      0x00000000    0xbd193
 .debug_str     0x00000000    0xb7d9c ./Core/Src/6811.o
                              0xb8157 (size before relaxing)
 .debug_str     0x000b7d9c      0x277 ./Core/Src/adc.o
                              0xb4bb0 (size before relaxing)
 .debug_str     0x000b8013      0x4a1 ./Core/Src/can.o
                              0xb4d08 (size before relaxing)
 .debug_str     0x000b84b4       0x68 ./Core/Src/gpio.o
                              0xb47f8 (size before relaxing)
 .debug_str     0x000b851c      0x4ca ./Core/Src/main.o
                              0xb81e8 (size before relaxing)
 .debug_str     0x000b89e6      0x8aa ./Core/Src/module.o
                              0xb8471 (size before relaxing)
 .debug_str     0x000b9290      0x14d ./Core/Src/safety.o
                              0xb49a5 (size before relaxing)
 .debug_str     0x000b93dd       0x4b ./Core/Src/spi.o
                              0xb4c64 (size before relaxing)
 .debug_str     0x000b9428       0x2c ./Core/Src/stm32f1xx_hal_msp.o
                              0xb4780 (size before relaxing)
 .debug_str     0x000b9454       0xc9 ./Core/Src/stm32f1xx_it.o
                              0xb4787 (size before relaxing)
 .debug_str     0x000b951d       0xb1 ./Core/Src/system_stm32f1xx.o
                              0xb4566 (size before relaxing)
 .debug_str     0x000b95ce      0x33e ./Core/Src/tim.o
                              0xb4d0d (size before relaxing)
 .debug_str     0x000b990c      0x1e4 ./Core/Src/usart.o
                              0xb4c40 (size before relaxing)
 .debug_str     0x000b9af0       0x93 ./Core/Startup/startup_stm32f105rbtx.o
 .debug_str     0x000b9b83      0x6b4 ./Drivers/STM32F1xx_HAL_Driver/Src/stm32f1xx_hal.o
                              0xb4d40 (size before relaxing)
 .debug_str     0x000ba237      0x393 ./Drivers/STM32F1xx_HAL_Driver/Src/stm32f1xx_hal_adc.o
                              0xb4c0f (size before relaxing)
 .debug_str     0x000ba5ca      0x516 ./Drivers/STM32F1xx_HAL_Driver/Src/stm32f1xx_hal_can.o
                              0xb4d33 (size before relaxing)
 .debug_str     0x000baae0      0x289 ./Drivers/STM32F1xx_HAL_Driver/Src/stm32f1xx_hal_cortex.o
                              0xb4c7e (size before relaxing)
 .debug_str     0x000bad69      0x2ce ./Drivers/STM32F1xx_HAL_Driver/Src/stm32f1xx_hal_gpio.o
                              0xb48bf (size before relaxing)
 .debug_str     0x000bb037      0x244 ./Drivers/STM32F1xx_HAL_Driver/Src/stm32f1xx_hal_rcc.o
                              0xb49d5 (size before relaxing)
 .debug_str     0x000bb27b      0x104 ./Drivers/STM32F1xx_HAL_Driver/Src/stm32f1xx_hal_rcc_ex.o
                              0xb47e3 (size before relaxing)
 .debug_str     0x000bb37f      0x51b ./Drivers/STM32F1xx_HAL_Driver/Src/stm32f1xx_hal_spi.o
                              0xb4e57 (size before relaxing)
 .debug_str     0x000bb89a      0xe53 ./Drivers/STM32F1xx_HAL_Driver/Src/stm32f1xx_hal_tim.o
                              0xb595c (size before relaxing)
 .debug_str     0x000bc6ed      0x493 ./Drivers/STM32F1xx_HAL_Driver/Src/stm32f1xx_hal_tim_ex.o
                              0xb5168 (size before relaxing)
 .debug_str     0x000bcb80      0x613 ./Drivers/STM32F1xx_HAL_Driver/Src/stm32f1xx_hal_uart.o
                              0xb4fcb (size before relaxing)

.comment        0x00000000       0x43
 .comment       0x00000000       0x43 ./Core/Src/6811.o
                                 0x44 (size before relaxing)
 .comment       0x00000043       0x44 ./Core/Src/adc.o
 .comment       0x00000043       0x44 ./Core/Src/can.o
 .comment       0x00000043       0x44 ./Core/Src/gpio.o
 .comment       0x00000043       0x44 ./Core/Src/main.o
 .comment       0x00000043       0x44 ./Core/Src/module.o
 .comment       0x00000043       0x44 ./Core/Src/safety.o
 .comment       0x00000043       0x44 ./Core/Src/spi.o
 .comment       0x00000043       0x44 ./Core/Src/stm32f1xx_hal_msp.o
 .comment       0x00000043       0x44 ./Core/Src/stm32f1xx_it.o
 .comment       0x00000043       0x44 ./Core/Src/system_stm32f1xx.o
 .comment       0x00000043       0x44 ./Core/Src/tim.o
 .comment       0x00000043       0x44 ./Core/Src/usart.o
 .comment       0x00000043       0x44 ./Drivers/STM32F1xx_HAL_Driver/Src/stm32f1xx_hal.o
 .comment       0x00000043       0x44 ./Drivers/STM32F1xx_HAL_Driver/Src/stm32f1xx_hal_adc.o
 .comment       0x00000043       0x44 ./Drivers/STM32F1xx_HAL_Driver/Src/stm32f1xx_hal_can.o
 .comment       0x00000043       0x44 ./Drivers/STM32F1xx_HAL_Driver/Src/stm32f1xx_hal_cortex.o
 .comment       0x00000043       0x44 ./Drivers/STM32F1xx_HAL_Driver/Src/stm32f1xx_hal_gpio.o
 .comment       0x00000043       0x44 ./Drivers/STM32F1xx_HAL_Driver/Src/stm32f1xx_hal_rcc.o
 .comment       0x00000043       0x44 ./Drivers/STM32F1xx_HAL_Driver/Src/stm32f1xx_hal_rcc_ex.o
 .comment       0x00000043       0x44 ./Drivers/STM32F1xx_HAL_Driver/Src/stm32f1xx_hal_spi.o
 .comment       0x00000043       0x44 ./Drivers/STM32F1xx_HAL_Driver/Src/stm32f1xx_hal_tim.o
 .comment       0x00000043       0x44 ./Drivers/STM32F1xx_HAL_Driver/Src/stm32f1xx_hal_tim_ex.o
 .comment       0x00000043       0x44 ./Drivers/STM32F1xx_HAL_Driver/Src/stm32f1xx_hal_uart.o

.debug_frame    0x00000000     0x4e20
 .debug_frame   0x00000000      0x204 ./Core/Src/6811.o
 .debug_frame   0x00000204       0xa0 ./Core/Src/adc.o
 .debug_frame   0x000002a4      0x1ac ./Core/Src/can.o
 .debug_frame   0x00000450       0x34 ./Core/Src/gpio.o
 .debug_frame   0x00000484      0x104 ./Core/Src/main.o
 .debug_frame   0x00000588       0x80 ./Core/Src/module.o
 .debug_frame   0x00000608       0x80 ./Core/Src/safety.o
 .debug_frame   0x00000688       0xac ./Core/Src/spi.o
 .debug_frame   0x00000734       0x38 ./Core/Src/stm32f1xx_hal_msp.o
 .debug_frame   0x0000076c      0x104 ./Core/Src/stm32f1xx_it.o
 .debug_frame   0x00000870       0x58 ./Core/Src/system_stm32f1xx.o
 .debug_frame   0x000008c8       0x84 ./Core/Src/tim.o
 .debug_frame   0x0000094c       0x74 ./Core/Src/usart.o
 .debug_frame   0x000009c0      0x334 ./Drivers/STM32F1xx_HAL_Driver/Src/stm32f1xx_hal.o
 .debug_frame   0x00000cf4      0x40c ./Drivers/STM32F1xx_HAL_Driver/Src/stm32f1xx_hal_adc.o
 .debug_frame   0x00001100      0x5a0 ./Drivers/STM32F1xx_HAL_Driver/Src/stm32f1xx_hal_can.o
 .debug_frame   0x000016a0      0x428 ./Drivers/STM32F1xx_HAL_Driver/Src/stm32f1xx_hal_cortex.o
 .debug_frame   0x00001ac8      0x14c ./Drivers/STM32F1xx_HAL_Driver/Src/stm32f1xx_hal_gpio.o
 .debug_frame   0x00001c14      0x220 ./Drivers/STM32F1xx_HAL_Driver/Src/stm32f1xx_hal_rcc.o
 .debug_frame   0x00001e34      0x118 ./Drivers/STM32F1xx_HAL_Driver/Src/stm32f1xx_hal_rcc_ex.o
 .debug_frame   0x00001f4c      0x824 ./Drivers/STM32F1xx_HAL_Driver/Src/stm32f1xx_hal_spi.o
 .debug_frame   0x00002770     0x11b8 ./Drivers/STM32F1xx_HAL_Driver/Src/stm32f1xx_hal_tim.o
 .debug_frame   0x00003928      0x638 ./Drivers/STM32F1xx_HAL_Driver/Src/stm32f1xx_hal_tim_ex.o
 .debug_frame   0x00003f60      0x944 ./Drivers/STM32F1xx_HAL_Driver/Src/stm32f1xx_hal_uart.o
 .debug_frame   0x000048a4      0x144 C:/ST/STM32CubeIDE_1.16.0/STM32CubeIDE/plugins/com.st.stm32cube.ide.mcu.externaltools.gnu-tools-for-stm32.12.3.rel1.win32_1.1.0.202410251130/tools/bin/../lib/gcc/arm-none-eabi/12.3.1/../../../../arm-none-eabi/lib/thumb/v7-m/nofp\libc_nano.a(libc_a-findfp.o)
 .debug_frame   0x000049e8       0x20 C:/ST/STM32CubeIDE_1.16.0/STM32CubeIDE/plugins/com.st.stm32cube.ide.mcu.externaltools.gnu-tools-for-stm32.12.3.rel1.win32_1.1.0.202410251130/tools/bin/../lib/gcc/arm-none-eabi/12.3.1/../../../../arm-none-eabi/lib/thumb/v7-m/nofp\libc_nano.a(libc_a-memset.o)
 .debug_frame   0x00004a08       0x20 C:/ST/STM32CubeIDE_1.16.0/STM32CubeIDE/plugins/com.st.stm32cube.ide.mcu.externaltools.gnu-tools-for-stm32.12.3.rel1.win32_1.1.0.202410251130/tools/bin/../lib/gcc/arm-none-eabi/12.3.1/../../../../arm-none-eabi/lib/thumb/v7-m/nofp\libc_nano.a(libc_a-errno.o)
 .debug_frame   0x00004a28       0x2c C:/ST/STM32CubeIDE_1.16.0/STM32CubeIDE/plugins/com.st.stm32cube.ide.mcu.externaltools.gnu-tools-for-stm32.12.3.rel1.win32_1.1.0.202410251130/tools/bin/../lib/gcc/arm-none-eabi/12.3.1/../../../../arm-none-eabi/lib/thumb/v7-m/nofp\libc_nano.a(libc_a-init.o)
 .debug_frame   0x00004a54       0x28 C:/ST/STM32CubeIDE_1.16.0/STM32CubeIDE/plugins/com.st.stm32cube.ide.mcu.externaltools.gnu-tools-for-stm32.12.3.rel1.win32_1.1.0.202410251130/tools/bin/../lib/gcc/arm-none-eabi/12.3.1/../../../../arm-none-eabi/lib/thumb/v7-m/nofp\libc_nano.a(libc_a-memcpy-stub.o)
 .debug_frame   0x00004a7c       0x38 C:/ST/STM32CubeIDE_1.16.0/STM32CubeIDE/plugins/com.st.stm32cube.ide.mcu.externaltools.gnu-tools-for-stm32.12.3.rel1.win32_1.1.0.202410251130/tools/bin/../lib/gcc/arm-none-eabi/12.3.1/../../../../arm-none-eabi/lib/thumb/v7-m/nofp\libm.a(libm_a-w_log.o)
 .debug_frame   0x00004ab4       0x20 C:/ST/STM32CubeIDE_1.16.0/STM32CubeIDE/plugins/com.st.stm32cube.ide.mcu.externaltools.gnu-tools-for-stm32.12.3.rel1.win32_1.1.0.202410251130/tools/bin/../lib/gcc/arm-none-eabi/12.3.1/../../../../arm-none-eabi/lib/thumb/v7-m/nofp\libm.a(libm_a-s_nan.o)
 .debug_frame   0x00004ad4       0x40 C:/ST/STM32CubeIDE_1.16.0/STM32CubeIDE/plugins/com.st.stm32cube.ide.mcu.externaltools.gnu-tools-for-stm32.12.3.rel1.win32_1.1.0.202410251130/tools/bin/../lib/gcc/arm-none-eabi/12.3.1/../../../../arm-none-eabi/lib/thumb/v7-m/nofp\libm.a(libm_a-e_log.o)
 .debug_frame   0x00004b14       0xac C:/ST/STM32CubeIDE_1.16.0/STM32CubeIDE/plugins/com.st.stm32cube.ide.mcu.externaltools.gnu-tools-for-stm32.12.3.rel1.win32_1.1.0.202410251130/tools/bin/../lib/gcc/arm-none-eabi/12.3.1/thumb/v7-m/nofp\libgcc.a(_arm_addsubdf3.o)
 .debug_frame   0x00004bc0       0x50 C:/ST/STM32CubeIDE_1.16.0/STM32CubeIDE/plugins/com.st.stm32cube.ide.mcu.externaltools.gnu-tools-for-stm32.12.3.rel1.win32_1.1.0.202410251130/tools/bin/../lib/gcc/arm-none-eabi/12.3.1/thumb/v7-m/nofp\libgcc.a(_arm_muldivdf3.o)
 .debug_frame   0x00004c10       0xc4 C:/ST/STM32CubeIDE_1.16.0/STM32CubeIDE/plugins/com.st.stm32cube.ide.mcu.externaltools.gnu-tools-for-stm32.12.3.rel1.win32_1.1.0.202410251130/tools/bin/../lib/gcc/arm-none-eabi/12.3.1/thumb/v7-m/nofp\libgcc.a(_arm_cmpdf2.o)
 .debug_frame   0x00004cd4       0x20 C:/ST/STM32CubeIDE_1.16.0/STM32CubeIDE/plugins/com.st.stm32cube.ide.mcu.externaltools.gnu-tools-for-stm32.12.3.rel1.win32_1.1.0.202410251130/tools/bin/../lib/gcc/arm-none-eabi/12.3.1/thumb/v7-m/nofp\libgcc.a(_arm_unorddf2.o)
 .debug_frame   0x00004cf4       0x24 C:/ST/STM32CubeIDE_1.16.0/STM32CubeIDE/plugins/com.st.stm32cube.ide.mcu.externaltools.gnu-tools-for-stm32.12.3.rel1.win32_1.1.0.202410251130/tools/bin/../lib/gcc/arm-none-eabi/12.3.1/thumb/v7-m/nofp\libgcc.a(_arm_truncdfsf2.o)
 .debug_frame   0x00004d18       0x4c C:/ST/STM32CubeIDE_1.16.0/STM32CubeIDE/plugins/com.st.stm32cube.ide.mcu.externaltools.gnu-tools-for-stm32.12.3.rel1.win32_1.1.0.202410251130/tools/bin/../lib/gcc/arm-none-eabi/12.3.1/thumb/v7-m/nofp\libgcc.a(_arm_addsubsf3.o)
 .debug_frame   0x00004d64       0x38 C:/ST/STM32CubeIDE_1.16.0/STM32CubeIDE/plugins/com.st.stm32cube.ide.mcu.externaltools.gnu-tools-for-stm32.12.3.rel1.win32_1.1.0.202410251130/tools/bin/../lib/gcc/arm-none-eabi/12.3.1/thumb/v7-m/nofp\libgcc.a(_arm_muldivsf3.o)
 .debug_frame   0x00004d9c       0x24 C:/ST/STM32CubeIDE_1.16.0/STM32CubeIDE/plugins/com.st.stm32cube.ide.mcu.externaltools.gnu-tools-for-stm32.12.3.rel1.win32_1.1.0.202410251130/tools/bin/../lib/gcc/arm-none-eabi/12.3.1/thumb/v7-m/nofp\libgcc.a(_arm_fixunssfsi.o)
 .debug_frame   0x00004dc0       0x2c C:/ST/STM32CubeIDE_1.16.0/STM32CubeIDE/plugins/com.st.stm32cube.ide.mcu.externaltools.gnu-tools-for-stm32.12.3.rel1.win32_1.1.0.202410251130/tools/bin/../lib/gcc/arm-none-eabi/12.3.1/thumb/v7-m/nofp\libgcc.a(_aeabi_uldivmod.o)
 .debug_frame   0x00004dec       0x34 C:/ST/STM32CubeIDE_1.16.0/STM32CubeIDE/plugins/com.st.stm32cube.ide.mcu.externaltools.gnu-tools-for-stm32.12.3.rel1.win32_1.1.0.202410251130/tools/bin/../lib/gcc/arm-none-eabi/12.3.1/thumb/v7-m/nofp\libgcc.a(_udivmoddi4.o)

.debug_line_str
                0x00000000       0x77
 .debug_line_str
                0x00000000       0x77 ./Core/Startup/startup_stm32f105rbtx.o
