../Core/Src/can.c:29:6:MX_CAN1_Init	8	static
../Core/Src/can.c:61:6:HAL_CAN_MspInit	48	static
../Core/Src/can.c:105:6:HAL_CAN_MspDeInit	16	static
../Core/Src/can.c:137:19:CAN_Start	8	static
../Core/Src/can.c:141:19:CAN_Activate	8	static
../Core/Src/can.c:145:19:CAN_Send	16	static
../Core/Src/can.c:155:6:HAL_CAN_TxMailbox0CompleteCallback	16	static
../Core/Src/can.c:159:6:CAN_SettingsInit	16	static
../Core/Src/can.c:168:6:Set_CAN_Id	16	static
../Core/Src/can.c:172:6:CAN_Send_Voltage	32	static
../Core/Src/can.c:199:6:CAN_Send_Temperature	24	static
../Core/Src/can.c:226:6:CAN_Send_Cell_Summary	24	static
../Core/Src/can.c:242:6:CAN_Send_Safety_Checker	32	static
